21:18:20 **** Build of project dispport_bsp ****
make -k all 
"Running Make include in psu_cortexa53_0/libsrc/avbuf_v2_2/src"
make -C psu_cortexa53_0/libsrc/avbuf_v2_2/src -s include  "SHELL=CMD" "COMPILER=aarch64-none-elf-gcc" "ARCHIVER=aarch64-none-elf-ar" "COMPILER_FLAGS=  -O2 -c" "EXTRA_COMPILER_FLAGS=-g -Wall -Wextra"
"Running Make include in psu_cortexa53_0/libsrc/axipmon_v6_7/src"
make -C psu_cortexa53_0/libsrc/axipmon_v6_7/src -s include  "SHELL=CMD" "COMPILER=aarch64-none-elf-gcc" "ARCHIVER=aarch64-none-elf-ar" "COMPILER_FLAGS=  -O2 -c" "EXTRA_COMPILER_FLAGS=-g -Wall -Wextra"
"Running Make include in psu_cortexa53_0/libsrc/clockps_v1_0/src"
make -C psu_cortexa53_0/libsrc/clockps_v1_0/src -s include  "SHELL=CMD" "COMPILER=aarch64-none-elf-gcc" "ARCHIVER=aarch64-none-elf-ar" "COMPILER_FLAGS=  -O2 -c" "EXTRA_COMPILER_FLAGS=-g -Wall -Wextra"
"Running Make include in psu_cortexa53_0/libsrc/coresightps_dcc_v1_4/src"
make -C psu_cortexa53_0/libsrc/coresightps_dcc_v1_4/src -s include  "SHELL=CMD" "COMPILER=aarch64-none-elf-gcc" "ARCHIVER=aarch64-none-elf-ar" "COMPILER_FLAGS=  -O2 -c" "EXTRA_COMPILER_FLAGS=-g -Wall -Wextra"
"Running Make include in psu_cortexa53_0/libsrc/cpu_cortexa53_v1_5/src"
make -C psu_cortexa53_0/libsrc/cpu_cortexa53_v1_5/src -s include  "SHELL=CMD" "COMPILER=aarch64-none-elf-gcc" "ARCHIVER=aarch64-none-elf-ar" "COMPILER_FLAGS=  -O2 -c" "EXTRA_COMPILER_FLAGS=-g -Wall -Wextra"
"Running Make include in psu_cortexa53_0/libsrc/csudma_v1_3/src"
make -C psu_cortexa53_0/libsrc/csudma_v1_3/src -s include  "SHELL=CMD" "COMPILER=aarch64-none-elf-gcc" "ARCHIVER=aarch64-none-elf-ar" "COMPILER_FLAGS=  -O2 -c" "EXTRA_COMPILER_FLAGS=-g -Wall -Wextra"
"Running Make include in psu_cortexa53_0/libsrc/ddrcpsu_v1_1/src"
make -C psu_cortexa53_0/libsrc/ddrcpsu_v1_1/src -s include  "SHELL=CMD" "COMPILER=aarch64-none-elf-gcc" "ARCHIVER=aarch64-none-elf-ar" "COMPILER_FLAGS=  -O2 -c" "EXTRA_COMPILER_FLAGS=-g -Wall -Wextra"
"Running Make include in psu_cortexa53_0/libsrc/dpdma_v1_1/src"
make -C psu_cortexa53_0/libsrc/dpdma_v1_1/src -s include  "SHELL=CMD" "COMPILER=aarch64-none-elf-gcc" "ARCHIVER=aarch64-none-elf-ar" "COMPILER_FLAGS=  -O2 -c" "EXTRA_COMPILER_FLAGS=-g -Wall -Wextra"
"Running Make include in psu_cortexa53_0/libsrc/gpiops_v3_4/src"
make -C psu_cortexa53_0/libsrc/gpiops_v3_4/src -s include  "SHELL=CMD" "COMPILER=aarch64-none-elf-gcc" "ARCHIVER=aarch64-none-elf-ar" "COMPILER_FLAGS=  -O2 -c" "EXTRA_COMPILER_FLAGS=-g -Wall -Wextra"
"Running Make include in psu_cortexa53_0/libsrc/iicps_v3_8/src"
make -C psu_cortexa53_0/libsrc/iicps_v3_8/src -s include  "SHELL=CMD" "COMPILER=aarch64-none-elf-gcc" "ARCHIVER=aarch64-none-elf-ar" "COMPILER_FLAGS=  -O2 -c" "EXTRA_COMPILER_FLAGS=-g -Wall -Wextra"
"Running Make include in psu_cortexa53_0/libsrc/ipipsu_v2_4/src"
make -C psu_cortexa53_0/libsrc/ipipsu_v2_4/src -s include  "SHELL=CMD" "COMPILER=aarch64-none-elf-gcc" "ARCHIVER=aarch64-none-elf-ar" "COMPILER_FLAGS=  -O2 -c" "EXTRA_COMPILER_FLAGS=-g -Wall -Wextra"
"Running Make include in psu_cortexa53_0/libsrc/resetps_v1_2/src"
make -C psu_cortexa53_0/libsrc/resetps_v1_2/src -s include  "SHELL=CMD" "COMPILER=aarch64-none-elf-gcc" "ARCHIVER=aarch64-none-elf-ar" "COMPILER_FLAGS=  -O2 -c" "EXTRA_COMPILER_FLAGS=-g -Wall -Wextra"
"Running Make include in psu_cortexa53_0/libsrc/rtcpsu_v1_6/src"
make -C psu_cortexa53_0/libsrc/rtcpsu_v1_6/src -s include  "SHELL=CMD" "COMPILER=aarch64-none-elf-gcc" "ARCHIVER=aarch64-none-elf-ar" "COMPILER_FLAGS=  -O2 -c" "EXTRA_COMPILER_FLAGS=-g -Wall -Wextra"
"Running Make include in psu_cortexa53_0/libsrc/scugic_v3_10/src"
make -C psu_cortexa53_0/libsrc/scugic_v3_10/src -s include  "SHELL=CMD" "COMPILER=aarch64-none-elf-gcc" "ARCHIVER=aarch64-none-elf-ar" "COMPILER_FLAGS=  -O2 -c" "EXTRA_COMPILER_FLAGS=-g -Wall -Wextra"
"Running Make include in psu_cortexa53_0/libsrc/sdps_v3_6/src"
make -C psu_cortexa53_0/libsrc/sdps_v3_6/src -s include  "SHELL=CMD" "COMPILER=aarch64-none-elf-gcc" "ARCHIVER=aarch64-none-elf-ar" "COMPILER_FLAGS=  -O2 -c" "EXTRA_COMPILER_FLAGS=-g -Wall -Wextra"
"Running Make include in psu_cortexa53_0/libsrc/spips_v3_1/src"
make -C psu_cortexa53_0/libsrc/spips_v3_1/src -s include  "SHELL=CMD" "COMPILER=aarch64-none-elf-gcc" "ARCHIVER=aarch64-none-elf-ar" "COMPILER_FLAGS=  -O2 -c" "EXTRA_COMPILER_FLAGS=-g -Wall -Wextra"
"Running Make include in psu_cortexa53_0/libsrc/standalone_v6_8/src"
make -C psu_cortexa53_0/libsrc/standalone_v6_8/src -s include  "SHELL=CMD" "COMPILER=aarch64-none-elf-gcc" "ARCHIVER=aarch64-none-elf-ar" "COMPILER_FLAGS=  -O2 -c" "EXTRA_COMPILER_FLAGS=-g -Wall -Wextra"
"Running Make include in psu_cortexa53_0/libsrc/sysmonpsu_v2_5/src"
make -C psu_cortexa53_0/libsrc/sysmonpsu_v2_5/src -s include  "SHELL=CMD" "COMPILER=aarch64-none-elf-gcc" "ARCHIVER=aarch64-none-elf-ar" "COMPILER_FLAGS=  -O2 -c" "EXTRA_COMPILER_FLAGS=-g -Wall -Wextra"
"Running Make include in psu_cortexa53_0/libsrc/ttcps_v3_7/src"
make -C psu_cortexa53_0/libsrc/ttcps_v3_7/src -s include  "SHELL=CMD" "COMPILER=aarch64-none-elf-gcc" "ARCHIVER=aarch64-none-elf-ar" "COMPILER_FLAGS=  -O2 -c" "EXTRA_COMPILER_FLAGS=-g -Wall -Wextra"
"Running Make include in psu_cortexa53_0/libsrc/uartps_v3_7/src"
make -C psu_cortexa53_0/libsrc/uartps_v3_7/src -s include  "SHELL=CMD" "COMPILER=aarch64-none-elf-gcc" "ARCHIVER=aarch64-none-elf-ar" "COMPILER_FLAGS=  -O2 -c" "EXTRA_COMPILER_FLAGS=-g -Wall -Wextra"
"Running Make include in psu_cortexa53_0/libsrc/usbpsu_v1_4/src"
make -C psu_cortexa53_0/libsrc/usbpsu_v1_4/src -s include  "SHELL=CMD" "COMPILER=aarch64-none-elf-gcc" "ARCHIVER=aarch64-none-elf-ar" "COMPILER_FLAGS=  -O2 -c" "EXTRA_COMPILER_FLAGS=-g -Wall -Wextra"
"Running Make include in psu_cortexa53_0/libsrc/video_common_v4_5/src"
make -C psu_cortexa53_0/libsrc/video_common_v4_5/src -s include  "SHELL=CMD" "COMPILER=aarch64-none-elf-gcc" "ARCHIVER=aarch64-none-elf-ar" "COMPILER_FLAGS=  -O2 -c" "EXTRA_COMPILER_FLAGS=-g -Wall -Wextra"
"Running Make include in psu_cortexa53_0/libsrc/vtc_v8_0/src"
make -C psu_cortexa53_0/libsrc/vtc_v8_0/src -s include  "SHELL=CMD" "COMPILER=aarch64-none-elf-gcc" "ARCHIVER=aarch64-none-elf-ar" "COMPILER_FLAGS=  -O2 -c" "EXTRA_COMPILER_FLAGS=-g -Wall -Wextra"
"Running Make include in psu_cortexa53_0/libsrc/v_tpg_v8_1/src"
make -C psu_cortexa53_0/libsrc/v_tpg_v8_1/src -s include  "SHELL=CMD" "COMPILER=aarch64-none-elf-gcc" "ARCHIVER=aarch64-none-elf-ar" "COMPILER_FLAGS=  -O2 -c" "EXTRA_COMPILER_FLAGS=-g -Wall -Wextra"
"Running Make include in psu_cortexa53_0/libsrc/wdtps_v3_1/src"
make -C psu_cortexa53_0/libsrc/wdtps_v3_1/src -s include  "SHELL=CMD" "COMPILER=aarch64-none-elf-gcc" "ARCHIVER=aarch64-none-elf-ar" "COMPILER_FLAGS=  -O2 -c" "EXTRA_COMPILER_FLAGS=-g -Wall -Wextra"
"Running Make include in psu_cortexa53_0/libsrc/zdma_v1_6/src"
make -C psu_cortexa53_0/libsrc/zdma_v1_6/src -s include  "SHELL=CMD" "COMPILER=aarch64-none-elf-gcc" "ARCHIVER=aarch64-none-elf-ar" "COMPILER_FLAGS=  -O2 -c" "EXTRA_COMPILER_FLAGS=-g -Wall -Wextra"
"Running Make libs in psu_cortexa53_0/libsrc/avbuf_v2_2/src"
make -C psu_cortexa53_0/libsrc/avbuf_v2_2/src -s libs  "SHELL=CMD" "COMPILER=aarch64-none-elf-gcc" "ARCHIVER=aarch64-none-elf-ar" "COMPILER_FLAGS=  -O2 -c" "EXTRA_COMPILER_FLAGS=-g -Wall -Wextra"
"Compiling avbuf"
aarch64-none-elf-ar: creating ../../../lib/libxil.a
"Running Make libs in psu_cortexa53_0/libsrc/axipmon_v6_7/src"
make -C psu_cortexa53_0/libsrc/axipmon_v6_7/src -s libs  "SHELL=CMD" "COMPILER=aarch64-none-elf-gcc" "ARCHIVER=aarch64-none-elf-ar" "COMPILER_FLAGS=  -O2 -c" "EXTRA_COMPILER_FLAGS=-g -Wall -Wextra"
"Compiling axipmon"
"Running Make libs in psu_cortexa53_0/libsrc/clockps_v1_0/src"
make -C psu_cortexa53_0/libsrc/clockps_v1_0/src -s libs  "SHELL=CMD" "COMPILER=aarch64-none-elf-gcc" "ARCHIVER=aarch64-none-elf-ar" "COMPILER_FLAGS=  -O2 -c" "EXTRA_COMPILER_FLAGS=-g -Wall -Wextra"
"Compiling clockps"
"Running Make libs in psu_cortexa53_0/libsrc/coresightps_dcc_v1_4/src"
make -C psu_cortexa53_0/libsrc/coresightps_dcc_v1_4/src -s libs  "SHELL=CMD" "COMPILER=aarch64-none-elf-gcc" "ARCHIVER=aarch64-none-elf-ar" "COMPILER_FLAGS=  -O2 -c" "EXTRA_COMPILER_FLAGS=-g -Wall -Wextra"
"Compiling coresightps_dcc"
"Running Make libs in psu_cortexa53_0/libsrc/cpu_cortexa53_v1_5/src"
make -C psu_cortexa53_0/libsrc/cpu_cortexa53_v1_5/src -s libs  "SHELL=CMD" "COMPILER=aarch64-none-elf-gcc" "ARCHIVER=aarch64-none-elf-ar" "COMPILER_FLAGS=  -O2 -c" "EXTRA_COMPILER_FLAGS=-g -Wall -Wextra"
"Compiling cpu_cortexa53"
"Running Make libs in psu_cortexa53_0/libsrc/csudma_v1_3/src"
make -C psu_cortexa53_0/libsrc/csudma_v1_3/src -s libs  "SHELL=CMD" "COMPILER=aarch64-none-elf-gcc" "ARCHIVER=aarch64-none-elf-ar" "COMPILER_FLAGS=  -O2 -c" "EXTRA_COMPILER_FLAGS=-g -Wall -Wextra"
"Compiling csudma"
"Running Make libs in psu_cortexa53_0/libsrc/ddrcpsu_v1_1/src"
make -C psu_cortexa53_0/libsrc/ddrcpsu_v1_1/src -s libs  "SHELL=CMD" "COMPILER=aarch64-none-elf-gcc" "ARCHIVER=aarch64-none-elf-ar" "COMPILER_FLAGS=  -O2 -c" "EXTRA_COMPILER_FLAGS=-g -Wall -Wextra"
"Compiling ddrcpsu"
"Running Make libs in psu_cortexa53_0/libsrc/dpdma_v1_1/src"
make -C psu_cortexa53_0/libsrc/dpdma_v1_1/src -s libs  "SHELL=CMD" "COMPILER=aarch64-none-elf-gcc" "ARCHIVER=aarch64-none-elf-ar" "COMPILER_FLAGS=  -O2 -c" "EXTRA_COMPILER_FLAGS=-g -Wall -Wextra"
"Compiling dpdma"
"Running Make libs in psu_cortexa53_0/libsrc/gpiops_v3_4/src"
make -C psu_cortexa53_0/libsrc/gpiops_v3_4/src -s libs  "SHELL=CMD" "COMPILER=aarch64-none-elf-gcc" "ARCHIVER=aarch64-none-elf-ar" "COMPILER_FLAGS=  -O2 -c" "EXTRA_COMPILER_FLAGS=-g -Wall -Wextra"
"Compiling gpiops"
"Running Make libs in psu_cortexa53_0/libsrc/iicps_v3_8/src"
make -C psu_cortexa53_0/libsrc/iicps_v3_8/src -s libs  "SHELL=CMD" "COMPILER=aarch64-none-elf-gcc" "ARCHIVER=aarch64-none-elf-ar" "COMPILER_FLAGS=  -O2 -c" "EXTRA_COMPILER_FLAGS=-g -Wall -Wextra"
"Compiling iicps"
"Running Make libs in psu_cortexa53_0/libsrc/ipipsu_v2_4/src"
make -C psu_cortexa53_0/libsrc/ipipsu_v2_4/src -s libs  "SHELL=CMD" "COMPILER=aarch64-none-elf-gcc" "ARCHIVER=aarch64-none-elf-ar" "COMPILER_FLAGS=  -O2 -c" "EXTRA_COMPILER_FLAGS=-g -Wall -Wextra"
"Compiling ipipsu"
"Running Make libs in psu_cortexa53_0/libsrc/resetps_v1_2/src"
make -C psu_cortexa53_0/libsrc/resetps_v1_2/src -s libs  "SHELL=CMD" "COMPILER=aarch64-none-elf-gcc" "ARCHIVER=aarch64-none-elf-ar" "COMPILER_FLAGS=  -O2 -c" "EXTRA_COMPILER_FLAGS=-g -Wall -Wextra"
"Compiling resetps"
"Running Make libs in psu_cortexa53_0/libsrc/rtcpsu_v1_6/src"
make -C psu_cortexa53_0/libsrc/rtcpsu_v1_6/src -s libs  "SHELL=CMD" "COMPILER=aarch64-none-elf-gcc" "ARCHIVER=aarch64-none-elf-ar" "COMPILER_FLAGS=  -O2 -c" "EXTRA_COMPILER_FLAGS=-g -Wall -Wextra"
"Compiling rtcpsu"
"Running Make libs in psu_cortexa53_0/libsrc/scugic_v3_10/src"
make -C psu_cortexa53_0/libsrc/scugic_v3_10/src -s libs  "SHELL=CMD" "COMPILER=aarch64-none-elf-gcc" "ARCHIVER=aarch64-none-elf-ar" "COMPILER_FLAGS=  -O2 -c" "EXTRA_COMPILER_FLAGS=-g -Wall -Wextra"
"Compiling scugic"
"Running Make libs in psu_cortexa53_0/libsrc/sdps_v3_6/src"
make -C psu_cortexa53_0/libsrc/sdps_v3_6/src -s libs  "SHELL=CMD" "COMPILER=aarch64-none-elf-gcc" "ARCHIVER=aarch64-none-elf-ar" "COMPILER_FLAGS=  -O2 -c" "EXTRA_COMPILER_FLAGS=-g -Wall -Wextra"
"Compiling sdps"
"Running Make libs in psu_cortexa53_0/libsrc/spips_v3_1/src"
make -C psu_cortexa53_0/libsrc/spips_v3_1/src -s libs  "SHELL=CMD" "COMPILER=aarch64-none-elf-gcc" "ARCHIVER=aarch64-none-elf-ar" "COMPILER_FLAGS=  -O2 -c" "EXTRA_COMPILER_FLAGS=-g -Wall -Wextra"
"Compiling spips"
"Running Make libs in psu_cortexa53_0/libsrc/standalone_v6_8/src"
make -C psu_cortexa53_0/libsrc/standalone_v6_8/src -s libs  "SHELL=CMD" "COMPILER=aarch64-none-elf-gcc" "ARCHIVER=aarch64-none-elf-ar" "COMPILER_FLAGS=  -O2 -c" "EXTRA_COMPILER_FLAGS=-g -Wall -Wextra"
"Compiling standalone A53"
In file included from xil_sleeptimer.c:51:0:
xtime_l.h:77:9: note: #pragma message: For the sleep routines, Global timer is being used
 #pragma message ("For the sleep routines, Global timer is being used")
         ^~~~~~~
In file included from xtime_l.c:52:0:
xtime_l.h:77:9: note: #pragma message: For the sleep routines, Global timer is being used
 #pragma message ("For the sleep routines, Global timer is being used")
         ^~~~~~~
In file included from sleep.c:59:0:
xtime_l.h:77:9: note: #pragma message: For the sleep routines, Global timer is being used
 #pragma message ("For the sleep routines, Global timer is being used")
         ^~~~~~~
translation_table.S:145:2: warning: #warning "There's no DDR_1 in the HW design. MMU translation table marks 32 GB DDR address space as undefined" [-Wcpp]
 #warning "There's no DDR_1 in the HW design. MMU translation table marks 32 GB DDR address space as undefined"
  ^~~~~~~
"Running Make libs in psu_cortexa53_0/libsrc/sysmonpsu_v2_5/src"
make -C psu_cortexa53_0/libsrc/sysmonpsu_v2_5/src -s libs  "SHELL=CMD" "COMPILER=aarch64-none-elf-gcc" "ARCHIVER=aarch64-none-elf-ar" "COMPILER_FLAGS=  -O2 -c" "EXTRA_COMPILER_FLAGS=-g -Wall -Wextra"
"Compiling sysmonpsu"
"Running Make libs in psu_cortexa53_0/libsrc/ttcps_v3_7/src"
make -C psu_cortexa53_0/libsrc/ttcps_v3_7/src -s libs  "SHELL=CMD" "COMPILER=aarch64-none-elf-gcc" "ARCHIVER=aarch64-none-elf-ar" "COMPILER_FLAGS=  -O2 -c" "EXTRA_COMPILER_FLAGS=-g -Wall -Wextra"
"Compiling ttcps"
"Running Make libs in psu_cortexa53_0/libsrc/uartps_v3_7/src"
make -C psu_cortexa53_0/libsrc/uartps_v3_7/src -s libs  "SHELL=CMD" "COMPILER=aarch64-none-elf-gcc" "ARCHIVER=aarch64-none-elf-ar" "COMPILER_FLAGS=  -O2 -c" "EXTRA_COMPILER_FLAGS=-g -Wall -Wextra"
"Compiling uartps"
"Running Make libs in psu_cortexa53_0/libsrc/usbpsu_v1_4/src"
make -C psu_cortexa53_0/libsrc/usbpsu_v1_4/src -s libs  "SHELL=CMD" "COMPILER=aarch64-none-elf-gcc" "ARCHIVER=aarch64-none-elf-ar" "COMPILER_FLAGS=  -O2 -c" "EXTRA_COMPILER_FLAGS=-g -Wall -Wextra"
"Compiling usbpsu"
"Running Make libs in psu_cortexa53_0/libsrc/video_common_v4_5/src"
make -C psu_cortexa53_0/libsrc/video_common_v4_5/src -s libs  "SHELL=CMD" "COMPILER=aarch64-none-elf-gcc" "ARCHIVER=aarch64-none-elf-ar" "COMPILER_FLAGS=  -O2 -c" "EXTRA_COMPILER_FLAGS=-g -Wall -Wextra"
"Compiling video_common"
"Running Make libs in psu_cortexa53_0/libsrc/vtc_v8_0/src"
make -C psu_cortexa53_0/libsrc/vtc_v8_0/src -s libs  "SHELL=CMD" "COMPILER=aarch64-none-elf-gcc" "ARCHIVER=aarch64-none-elf-ar" "COMPILER_FLAGS=  -O2 -c" "EXTRA_COMPILER_FLAGS=-g -Wall -Wextra"
"Compiling video timing controller"
"Running Make libs in psu_cortexa53_0/libsrc/v_tpg_v8_1/src"
make -C psu_cortexa53_0/libsrc/v_tpg_v8_1/src -s libs  "SHELL=CMD" "COMPILER=aarch64-none-elf-gcc" "ARCHIVER=aarch64-none-elf-ar" "COMPILER_FLAGS=  -O2 -c" "EXTRA_COMPILER_FLAGS=-g -Wall -Wextra"
"Compiling v_tpg"
"Running Make libs in psu_cortexa53_0/libsrc/wdtps_v3_1/src"
make -C psu_cortexa53_0/libsrc/wdtps_v3_1/src -s libs  "SHELL=CMD" "COMPILER=aarch64-none-elf-gcc" "ARCHIVER=aarch64-none-elf-ar" "COMPILER_FLAGS=  -O2 -c" "EXTRA_COMPILER_FLAGS=-g -Wall -Wextra"
"Compiling wdtps"
"Running Make libs in psu_cortexa53_0/libsrc/zdma_v1_6/src"
make -C psu_cortexa53_0/libsrc/zdma_v1_6/src -s libs  "SHELL=CMD" "COMPILER=aarch64-none-elf-gcc" "ARCHIVER=aarch64-none-elf-ar" "COMPILER_FLAGS=  -O2 -c" "EXTRA_COMPILER_FLAGS=-g -Wall -Wextra"
"Compiling zdma"
'Finished building libraries'
21:19:15 **** Build of configuration Debug for project dispport ****
make all 
Building file: ../src/helloworld.c
Invoking: ARM v8 gcc compiler
aarch64-none-elf-gcc -Wall -O0 -g3 -c -fmessage-length=0 -MT"src/helloworld.o" -I../../dispport_bsp/psu_cortexa53_0/include -MMD -MP -MF"src/helloworld.d" -MT"src/helloworld.o" -o "src/helloworld.o" "../src/helloworld.c"
Finished building: ../src/helloworld.c
 
Building file: ../src/platform.c
Invoking: ARM v8 gcc compiler
aarch64-none-elf-gcc -Wall -O0 -g3 -c -fmessage-length=0 -MT"src/platform.o" -I../../dispport_bsp/psu_cortexa53_0/include -MMD -MP -MF"src/platform.d" -MT"src/platform.o" -o "src/platform.o" "../src/platform.c"
Finished building: ../src/platform.c
 
Building target: dispport.elf
Invoking: ARM v8 gcc linker
aarch64-none-elf-gcc -Wl,-T -Wl,../src/lscript.ld -L../../dispport_bsp/psu_cortexa53_0/lib -o "dispport.elf"  ./src/helloworld.o ./src/platform.o   -Wl,--start-group,-lxil,-lgcc,-lc,--end-group
Finished building target: dispport.elf
 
Invoking: ARM v8 Print Size
aarch64-none-elf-size dispport.elf  |tee "dispport.elf.size"
   text	   data	    bss	    dec	    hex	filename
  30516	   2344	  20632	  53492	   d0f4	dispport.elf
Finished building: dispport.elf.size
 
21:19:17 **** Auto Build of configuration Debug for project dispport ****
make all 
make: Nothing to be done for 'all'.
08:39:30 **** Auto Build of project dispport_bsp ****
make -k all 
"Running Make include in psu_cortexa53_0/libsrc/avbuf_v2_2/src"
make -C psu_cortexa53_0/libsrc/avbuf_v2_2/src -s include  "SHELL=CMD" "COMPILER=aarch64-none-elf-gcc" "ARCHIVER=aarch64-none-elf-ar" "COMPILER_FLAGS=  -O2 -c" "EXTRA_COMPILER_FLAGS=-g -Wall -Wextra"
"Running Make include in psu_cortexa53_0/libsrc/axipmon_v6_7/src"
make -C psu_cortexa53_0/libsrc/axipmon_v6_7/src -s include  "SHELL=CMD" "COMPILER=aarch64-none-elf-gcc" "ARCHIVER=aarch64-none-elf-ar" "COMPILER_FLAGS=  -O2 -c" "EXTRA_COMPILER_FLAGS=-g -Wall -Wextra"
"Running Make include in psu_cortexa53_0/libsrc/clockps_v1_0/src"
make -C psu_cortexa53_0/libsrc/clockps_v1_0/src -s include  "SHELL=CMD" "COMPILER=aarch64-none-elf-gcc" "ARCHIVER=aarch64-none-elf-ar" "COMPILER_FLAGS=  -O2 -c" "EXTRA_COMPILER_FLAGS=-g -Wall -Wextra"
"Running Make include in psu_cortexa53_0/libsrc/coresightps_dcc_v1_4/src"
make -C psu_cortexa53_0/libsrc/coresightps_dcc_v1_4/src -s include  "SHELL=CMD" "COMPILER=aarch64-none-elf-gcc" "ARCHIVER=aarch64-none-elf-ar" "COMPILER_FLAGS=  -O2 -c" "EXTRA_COMPILER_FLAGS=-g -Wall -Wextra"
"Running Make include in psu_cortexa53_0/libsrc/cpu_cortexa53_v1_5/src"
make -C psu_cortexa53_0/libsrc/cpu_cortexa53_v1_5/src -s include  "SHELL=CMD" "COMPILER=aarch64-none-elf-gcc" "ARCHIVER=aarch64-none-elf-ar" "COMPILER_FLAGS=  -O2 -c" "EXTRA_COMPILER_FLAGS=-g -Wall -Wextra"
"Running Make include in psu_cortexa53_0/libsrc/csudma_v1_3/src"
make -C psu_cortexa53_0/libsrc/csudma_v1_3/src -s include  "SHELL=CMD" "COMPILER=aarch64-none-elf-gcc" "ARCHIVER=aarch64-none-elf-ar" "COMPILER_FLAGS=  -O2 -c" "EXTRA_COMPILER_FLAGS=-g -Wall -Wextra"
"Running Make include in psu_cortexa53_0/libsrc/ddrcpsu_v1_1/src"
make -C psu_cortexa53_0/libsrc/ddrcpsu_v1_1/src -s include  "SHELL=CMD" "COMPILER=aarch64-none-elf-gcc" "ARCHIVER=aarch64-none-elf-ar" "COMPILER_FLAGS=  -O2 -c" "EXTRA_COMPILER_FLAGS=-g -Wall -Wextra"
"Running Make include in psu_cortexa53_0/libsrc/dpdma_v1_1/src"
make -C psu_cortexa53_0/libsrc/dpdma_v1_1/src -s include  "SHELL=CMD" "COMPILER=aarch64-none-elf-gcc" "ARCHIVER=aarch64-none-elf-ar" "COMPILER_FLAGS=  -O2 -c" "EXTRA_COMPILER_FLAGS=-g -Wall -Wextra"
"Running Make include in psu_cortexa53_0/libsrc/gpiops_v3_4/src"
make -C psu_cortexa53_0/libsrc/gpiops_v3_4/src -s include  "SHELL=CMD" "COMPILER=aarch64-none-elf-gcc" "ARCHIVER=aarch64-none-elf-ar" "COMPILER_FLAGS=  -O2 -c" "EXTRA_COMPILER_FLAGS=-g -Wall -Wextra"
"Running Make include in psu_cortexa53_0/libsrc/iicps_v3_8/src"
make -C psu_cortexa53_0/libsrc/iicps_v3_8/src -s include  "SHELL=CMD" "COMPILER=aarch64-none-elf-gcc" "ARCHIVER=aarch64-none-elf-ar" "COMPILER_FLAGS=  -O2 -c" "EXTRA_COMPILER_FLAGS=-g -Wall -Wextra"
"Running Make include in psu_cortexa53_0/libsrc/ipipsu_v2_4/src"
make -C psu_cortexa53_0/libsrc/ipipsu_v2_4/src -s include  "SHELL=CMD" "COMPILER=aarch64-none-elf-gcc" "ARCHIVER=aarch64-none-elf-ar" "COMPILER_FLAGS=  -O2 -c" "EXTRA_COMPILER_FLAGS=-g -Wall -Wextra"
"Running Make include in psu_cortexa53_0/libsrc/resetps_v1_2/src"
make -C psu_cortexa53_0/libsrc/resetps_v1_2/src -s include  "SHELL=CMD" "COMPILER=aarch64-none-elf-gcc" "ARCHIVER=aarch64-none-elf-ar" "COMPILER_FLAGS=  -O2 -c" "EXTRA_COMPILER_FLAGS=-g -Wall -Wextra"
"Running Make include in psu_cortexa53_0/libsrc/rtcpsu_v1_6/src"
make -C psu_cortexa53_0/libsrc/rtcpsu_v1_6/src -s include  "SHELL=CMD" "COMPILER=aarch64-none-elf-gcc" "ARCHIVER=aarch64-none-elf-ar" "COMPILER_FLAGS=  -O2 -c" "EXTRA_COMPILER_FLAGS=-g -Wall -Wextra"
"Running Make include in psu_cortexa53_0/libsrc/scugic_v3_10/src"
make -C psu_cortexa53_0/libsrc/scugic_v3_10/src -s include  "SHELL=CMD" "COMPILER=aarch64-none-elf-gcc" "ARCHIVER=aarch64-none-elf-ar" "COMPILER_FLAGS=  -O2 -c" "EXTRA_COMPILER_FLAGS=-g -Wall -Wextra"
"Running Make include in psu_cortexa53_0/libsrc/sdps_v3_6/src"
make -C psu_cortexa53_0/libsrc/sdps_v3_6/src -s include  "SHELL=CMD" "COMPILER=aarch64-none-elf-gcc" "ARCHIVER=aarch64-none-elf-ar" "COMPILER_FLAGS=  -O2 -c" "EXTRA_COMPILER_FLAGS=-g -Wall -Wextra"
"Running Make include in psu_cortexa53_0/libsrc/spips_v3_1/src"
make -C psu_cortexa53_0/libsrc/spips_v3_1/src -s include  "SHELL=CMD" "COMPILER=aarch64-none-elf-gcc" "ARCHIVER=aarch64-none-elf-ar" "COMPILER_FLAGS=  -O2 -c" "EXTRA_COMPILER_FLAGS=-g -Wall -Wextra"
"Running Make include in psu_cortexa53_0/libsrc/standalone_v6_8/src"
make -C psu_cortexa53_0/libsrc/standalone_v6_8/src -s include  "SHELL=CMD" "COMPILER=aarch64-none-elf-gcc" "ARCHIVER=aarch64-none-elf-ar" "COMPILER_FLAGS=  -O2 -c" "EXTRA_COMPILER_FLAGS=-g -Wall -Wextra"
"Running Make include in psu_cortexa53_0/libsrc/sysmonpsu_v2_5/src"
make -C psu_cortexa53_0/libsrc/sysmonpsu_v2_5/src -s include  "SHELL=CMD" "COMPILER=aarch64-none-elf-gcc" "ARCHIVER=aarch64-none-elf-ar" "COMPILER_FLAGS=  -O2 -c" "EXTRA_COMPILER_FLAGS=-g -Wall -Wextra"
"Running Make include in psu_cortexa53_0/libsrc/ttcps_v3_7/src"
make -C psu_cortexa53_0/libsrc/ttcps_v3_7/src -s include  "SHELL=CMD" "COMPILER=aarch64-none-elf-gcc" "ARCHIVER=aarch64-none-elf-ar" "COMPILER_FLAGS=  -O2 -c" "EXTRA_COMPILER_FLAGS=-g -Wall -Wextra"
"Running Make include in psu_cortexa53_0/libsrc/uartps_v3_7/src"
make -C psu_cortexa53_0/libsrc/uartps_v3_7/src -s include  "SHELL=CMD" "COMPILER=aarch64-none-elf-gcc" "ARCHIVER=aarch64-none-elf-ar" "COMPILER_FLAGS=  -O2 -c" "EXTRA_COMPILER_FLAGS=-g -Wall -Wextra"
"Running Make include in psu_cortexa53_0/libsrc/usbpsu_v1_4/src"
make -C psu_cortexa53_0/libsrc/usbpsu_v1_4/src -s include  "SHELL=CMD" "COMPILER=aarch64-none-elf-gcc" "ARCHIVER=aarch64-none-elf-ar" "COMPILER_FLAGS=  -O2 -c" "EXTRA_COMPILER_FLAGS=-g -Wall -Wextra"
"Running Make include in psu_cortexa53_0/libsrc/video_common_v4_5/src"
make -C psu_cortexa53_0/libsrc/video_common_v4_5/src -s include  "SHELL=CMD" "COMPILER=aarch64-none-elf-gcc" "ARCHIVER=aarch64-none-elf-ar" "COMPILER_FLAGS=  -O2 -c" "EXTRA_COMPILER_FLAGS=-g -Wall -Wextra"
"Running Make include in psu_cortexa53_0/libsrc/vtc_v8_0/src"
make -C psu_cortexa53_0/libsrc/vtc_v8_0/src -s include  "SHELL=CMD" "COMPILER=aarch64-none-elf-gcc" "ARCHIVER=aarch64-none-elf-ar" "COMPILER_FLAGS=  -O2 -c" "EXTRA_COMPILER_FLAGS=-g -Wall -Wextra"
"Running Make include in psu_cortexa53_0/libsrc/v_tpg_v8_1/src"
make -C psu_cortexa53_0/libsrc/v_tpg_v8_1/src -s include  "SHELL=CMD" "COMPILER=aarch64-none-elf-gcc" "ARCHIVER=aarch64-none-elf-ar" "COMPILER_FLAGS=  -O2 -c" "EXTRA_COMPILER_FLAGS=-g -Wall -Wextra"
"Running Make include in psu_cortexa53_0/libsrc/wdtps_v3_1/src"
make -C psu_cortexa53_0/libsrc/wdtps_v3_1/src -s include  "SHELL=CMD" "COMPILER=aarch64-none-elf-gcc" "ARCHIVER=aarch64-none-elf-ar" "COMPILER_FLAGS=  -O2 -c" "EXTRA_COMPILER_FLAGS=-g -Wall -Wextra"
"Running Make include in psu_cortexa53_0/libsrc/zdma_v1_6/src"
make -C psu_cortexa53_0/libsrc/zdma_v1_6/src -s include  "SHELL=CMD" "COMPILER=aarch64-none-elf-gcc" "ARCHIVER=aarch64-none-elf-ar" "COMPILER_FLAGS=  -O2 -c" "EXTRA_COMPILER_FLAGS=-g -Wall -Wextra"
"Running Make libs in psu_cortexa53_0/libsrc/avbuf_v2_2/src"
make -C psu_cortexa53_0/libsrc/avbuf_v2_2/src -s libs  "SHELL=CMD" "COMPILER=aarch64-none-elf-gcc" "ARCHIVER=aarch64-none-elf-ar" "COMPILER_FLAGS=  -O2 -c" "EXTRA_COMPILER_FLAGS=-g -Wall -Wextra"
"Compiling avbuf"
aarch64-none-elf-ar: creating ../../../lib/libxil.a
"Running Make libs in psu_cortexa53_0/libsrc/axipmon_v6_7/src"
make -C psu_cortexa53_0/libsrc/axipmon_v6_7/src -s libs  "SHELL=CMD" "COMPILER=aarch64-none-elf-gcc" "ARCHIVER=aarch64-none-elf-ar" "COMPILER_FLAGS=  -O2 -c" "EXTRA_COMPILER_FLAGS=-g -Wall -Wextra"
"Compiling axipmon"
"Running Make libs in psu_cortexa53_0/libsrc/clockps_v1_0/src"
make -C psu_cortexa53_0/libsrc/clockps_v1_0/src -s libs  "SHELL=CMD" "COMPILER=aarch64-none-elf-gcc" "ARCHIVER=aarch64-none-elf-ar" "COMPILER_FLAGS=  -O2 -c" "EXTRA_COMPILER_FLAGS=-g -Wall -Wextra"
"Compiling clockps"
"Running Make libs in psu_cortexa53_0/libsrc/coresightps_dcc_v1_4/src"
make -C psu_cortexa53_0/libsrc/coresightps_dcc_v1_4/src -s libs  "SHELL=CMD" "COMPILER=aarch64-none-elf-gcc" "ARCHIVER=aarch64-none-elf-ar" "COMPILER_FLAGS=  -O2 -c" "EXTRA_COMPILER_FLAGS=-g -Wall -Wextra"
"Compiling coresightps_dcc"
"Running Make libs in psu_cortexa53_0/libsrc/cpu_cortexa53_v1_5/src"
make -C psu_cortexa53_0/libsrc/cpu_cortexa53_v1_5/src -s libs  "SHELL=CMD" "COMPILER=aarch64-none-elf-gcc" "ARCHIVER=aarch64-none-elf-ar" "COMPILER_FLAGS=  -O2 -c" "EXTRA_COMPILER_FLAGS=-g -Wall -Wextra"
"Compiling cpu_cortexa53"
"Running Make libs in psu_cortexa53_0/libsrc/csudma_v1_3/src"
make -C psu_cortexa53_0/libsrc/csudma_v1_3/src -s libs  "SHELL=CMD" "COMPILER=aarch64-none-elf-gcc" "ARCHIVER=aarch64-none-elf-ar" "COMPILER_FLAGS=  -O2 -c" "EXTRA_COMPILER_FLAGS=-g -Wall -Wextra"
"Compiling csudma"
"Running Make libs in psu_cortexa53_0/libsrc/ddrcpsu_v1_1/src"
make -C psu_cortexa53_0/libsrc/ddrcpsu_v1_1/src -s libs  "SHELL=CMD" "COMPILER=aarch64-none-elf-gcc" "ARCHIVER=aarch64-none-elf-ar" "COMPILER_FLAGS=  -O2 -c" "EXTRA_COMPILER_FLAGS=-g -Wall -Wextra"
"Compiling ddrcpsu"
"Running Make libs in psu_cortexa53_0/libsrc/dpdma_v1_1/src"
make -C psu_cortexa53_0/libsrc/dpdma_v1_1/src -s libs  "SHELL=CMD" "COMPILER=aarch64-none-elf-gcc" "ARCHIVER=aarch64-none-elf-ar" "COMPILER_FLAGS=  -O2 -c" "EXTRA_COMPILER_FLAGS=-g -Wall -Wextra"
"Compiling dpdma"
"Running Make libs in psu_cortexa53_0/libsrc/gpiops_v3_4/src"
make -C psu_cortexa53_0/libsrc/gpiops_v3_4/src -s libs  "SHELL=CMD" "COMPILER=aarch64-none-elf-gcc" "ARCHIVER=aarch64-none-elf-ar" "COMPILER_FLAGS=  -O2 -c" "EXTRA_COMPILER_FLAGS=-g -Wall -Wextra"
"Compiling gpiops"
"Running Make libs in psu_cortexa53_0/libsrc/iicps_v3_8/src"
make -C psu_cortexa53_0/libsrc/iicps_v3_8/src -s libs  "SHELL=CMD" "COMPILER=aarch64-none-elf-gcc" "ARCHIVER=aarch64-none-elf-ar" "COMPILER_FLAGS=  -O2 -c" "EXTRA_COMPILER_FLAGS=-g -Wall -Wextra"
"Compiling iicps"
"Running Make libs in psu_cortexa53_0/libsrc/ipipsu_v2_4/src"
make -C psu_cortexa53_0/libsrc/ipipsu_v2_4/src -s libs  "SHELL=CMD" "COMPILER=aarch64-none-elf-gcc" "ARCHIVER=aarch64-none-elf-ar" "COMPILER_FLAGS=  -O2 -c" "EXTRA_COMPILER_FLAGS=-g -Wall -Wextra"
"Compiling ipipsu"
"Running Make libs in psu_cortexa53_0/libsrc/resetps_v1_2/src"
make -C psu_cortexa53_0/libsrc/resetps_v1_2/src -s libs  "SHELL=CMD" "COMPILER=aarch64-none-elf-gcc" "ARCHIVER=aarch64-none-elf-ar" "COMPILER_FLAGS=  -O2 -c" "EXTRA_COMPILER_FLAGS=-g -Wall -Wextra"
"Compiling resetps"
"Running Make libs in psu_cortexa53_0/libsrc/rtcpsu_v1_6/src"
make -C psu_cortexa53_0/libsrc/rtcpsu_v1_6/src -s libs  "SHELL=CMD" "COMPILER=aarch64-none-elf-gcc" "ARCHIVER=aarch64-none-elf-ar" "COMPILER_FLAGS=  -O2 -c" "EXTRA_COMPILER_FLAGS=-g -Wall -Wextra"
"Compiling rtcpsu"
"Running Make libs in psu_cortexa53_0/libsrc/scugic_v3_10/src"
make -C psu_cortexa53_0/libsrc/scugic_v3_10/src -s libs  "SHELL=CMD" "COMPILER=aarch64-none-elf-gcc" "ARCHIVER=aarch64-none-elf-ar" "COMPILER_FLAGS=  -O2 -c" "EXTRA_COMPILER_FLAGS=-g -Wall -Wextra"
"Compiling scugic"
"Running Make libs in psu_cortexa53_0/libsrc/sdps_v3_6/src"
make -C psu_cortexa53_0/libsrc/sdps_v3_6/src -s libs  "SHELL=CMD" "COMPILER=aarch64-none-elf-gcc" "ARCHIVER=aarch64-none-elf-ar" "COMPILER_FLAGS=  -O2 -c" "EXTRA_COMPILER_FLAGS=-g -Wall -Wextra"
"Compiling sdps"
"Running Make libs in psu_cortexa53_0/libsrc/spips_v3_1/src"
make -C psu_cortexa53_0/libsrc/spips_v3_1/src -s libs  "SHELL=CMD" "COMPILER=aarch64-none-elf-gcc" "ARCHIVER=aarch64-none-elf-ar" "COMPILER_FLAGS=  -O2 -c" "EXTRA_COMPILER_FLAGS=-g -Wall -Wextra"
"Compiling spips"
"Running Make libs in psu_cortexa53_0/libsrc/standalone_v6_8/src"
make -C psu_cortexa53_0/libsrc/standalone_v6_8/src -s libs  "SHELL=CMD" "COMPILER=aarch64-none-elf-gcc" "ARCHIVER=aarch64-none-elf-ar" "COMPILER_FLAGS=  -O2 -c" "EXTRA_COMPILER_FLAGS=-g -Wall -Wextra"
"Compiling standalone A53"
In file included from xil_sleeptimer.c:51:0:
xtime_l.h:77:9: note: #pragma message: For the sleep routines, Global timer is being used
 #pragma message ("For the sleep routines, Global timer is being used")
         ^~~~~~~
In file included from xtime_l.c:52:0:
xtime_l.h:77:9: note: #pragma message: For the sleep routines, Global timer is being used
 #pragma message ("For the sleep routines, Global timer is being used")
         ^~~~~~~
In file included from sleep.c:59:0:
xtime_l.h:77:9: note: #pragma message: For the sleep routines, Global timer is being used
 #pragma message ("For the sleep routines, Global timer is being used")
         ^~~~~~~
translation_table.S:145:2: warning: #warning "There's no DDR_1 in the HW design. MMU translation table marks 32 GB DDR address space as undefined" [-Wcpp]
 #warning "There's no DDR_1 in the HW design. MMU translation table marks 32 GB DDR address space as undefined"
  ^~~~~~~
"Running Make libs in psu_cortexa53_0/libsrc/sysmonpsu_v2_5/src"
make -C psu_cortexa53_0/libsrc/sysmonpsu_v2_5/src -s libs  "SHELL=CMD" "COMPILER=aarch64-none-elf-gcc" "ARCHIVER=aarch64-none-elf-ar" "COMPILER_FLAGS=  -O2 -c" "EXTRA_COMPILER_FLAGS=-g -Wall -Wextra"
"Compiling sysmonpsu"
"Running Make libs in psu_cortexa53_0/libsrc/ttcps_v3_7/src"
make -C psu_cortexa53_0/libsrc/ttcps_v3_7/src -s libs  "SHELL=CMD" "COMPILER=aarch64-none-elf-gcc" "ARCHIVER=aarch64-none-elf-ar" "COMPILER_FLAGS=  -O2 -c" "EXTRA_COMPILER_FLAGS=-g -Wall -Wextra"
"Compiling ttcps"
"Running Make libs in psu_cortexa53_0/libsrc/uartps_v3_7/src"
make -C psu_cortexa53_0/libsrc/uartps_v3_7/src -s libs  "SHELL=CMD" "COMPILER=aarch64-none-elf-gcc" "ARCHIVER=aarch64-none-elf-ar" "COMPILER_FLAGS=  -O2 -c" "EXTRA_COMPILER_FLAGS=-g -Wall -Wextra"
"Compiling uartps"
"Running Make libs in psu_cortexa53_0/libsrc/usbpsu_v1_4/src"
make -C psu_cortexa53_0/libsrc/usbpsu_v1_4/src -s libs  "SHELL=CMD" "COMPILER=aarch64-none-elf-gcc" "ARCHIVER=aarch64-none-elf-ar" "COMPILER_FLAGS=  -O2 -c" "EXTRA_COMPILER_FLAGS=-g -Wall -Wextra"
"Compiling usbpsu"
"Running Make libs in psu_cortexa53_0/libsrc/video_common_v4_5/src"
make -C psu_cortexa53_0/libsrc/video_common_v4_5/src -s libs  "SHELL=CMD" "COMPILER=aarch64-none-elf-gcc" "ARCHIVER=aarch64-none-elf-ar" "COMPILER_FLAGS=  -O2 -c" "EXTRA_COMPILER_FLAGS=-g -Wall -Wextra"
"Compiling video_common"
"Running Make libs in psu_cortexa53_0/libsrc/vtc_v8_0/src"
make -C psu_cortexa53_0/libsrc/vtc_v8_0/src -s libs  "SHELL=CMD" "COMPILER=aarch64-none-elf-gcc" "ARCHIVER=aarch64-none-elf-ar" "COMPILER_FLAGS=  -O2 -c" "EXTRA_COMPILER_FLAGS=-g -Wall -Wextra"
"Compiling video timing controller"
"Running Make libs in psu_cortexa53_0/libsrc/v_tpg_v8_1/src"
make -C psu_cortexa53_0/libsrc/v_tpg_v8_1/src -s libs  "SHELL=CMD" "COMPILER=aarch64-none-elf-gcc" "ARCHIVER=aarch64-none-elf-ar" "COMPILER_FLAGS=  -O2 -c" "EXTRA_COMPILER_FLAGS=-g -Wall -Wextra"
"Compiling v_tpg"
"Running Make libs in psu_cortexa53_0/libsrc/wdtps_v3_1/src"
make -C psu_cortexa53_0/libsrc/wdtps_v3_1/src -s libs  "SHELL=CMD" "COMPILER=aarch64-none-elf-gcc" "ARCHIVER=aarch64-none-elf-ar" "COMPILER_FLAGS=  -O2 -c" "EXTRA_COMPILER_FLAGS=-g -Wall -Wextra"
"Compiling wdtps"
"Running Make libs in psu_cortexa53_0/libsrc/zdma_v1_6/src"
make -C psu_cortexa53_0/libsrc/zdma_v1_6/src -s libs  "SHELL=CMD" "COMPILER=aarch64-none-elf-gcc" "ARCHIVER=aarch64-none-elf-ar" "COMPILER_FLAGS=  -O2 -c" "EXTRA_COMPILER_FLAGS=-g -Wall -Wextra"
"Compiling zdma"
'Finished building libraries'
08:40:23 **** Clean-only build of configuration Debug for project dispport ****
make clean 
rm -rf  ./src/helloworld.o ./src/platform.o  ./src/helloworld.d ./src/platform.d  dispport.elf.size  dispport.elf
 
08:40:24 **** Auto Build of configuration Debug for project dispport ****
make all 
Building file: ../src/helloworld.c
Invoking: ARM v8 gcc compiler
aarch64-none-elf-gcc -Wall -O0 -g3 -c -fmessage-length=0 -MT"src/helloworld.o" -I../../dispport_bsp/psu_cortexa53_0/include -MMD -MP -MF"src/helloworld.d" -MT"src/helloworld.o" -o "src/helloworld.o" "../src/helloworld.c"
Finished building: ../src/helloworld.c
 
Building file: ../src/platform.c
Invoking: ARM v8 gcc compiler
aarch64-none-elf-gcc -Wall -O0 -g3 -c -fmessage-length=0 -MT"src/platform.o" -I../../dispport_bsp/psu_cortexa53_0/include -MMD -MP -MF"src/platform.d" -MT"src/platform.o" -o "src/platform.o" "../src/platform.c"
Finished building: ../src/platform.c
 
Building target: dispport.elf
Invoking: ARM v8 gcc linker
aarch64-none-elf-gcc -Wl,-T -Wl,../src/lscript.ld -L../../dispport_bsp/psu_cortexa53_0/lib -o "dispport.elf"  ./src/helloworld.o ./src/platform.o   -Wl,--start-group,-lxil,-lgcc,-lc,--end-group
Finished building target: dispport.elf
 
Invoking: ARM v8 Print Size
aarch64-none-elf-size dispport.elf  |tee "dispport.elf.size"
   text	   data	    bss	    dec	    hex	filename
  30516	   2344	  20632	  53492	   d0f4	dispport.elf
Finished building: dispport.elf.size
 
08:41:10 **** Incremental Build of configuration Debug for project dispport ****
make all 
make: Nothing to be done for 'all'.
08:42:58 **** Incremental Build of configuration Debug for project dispport ****
make all 
make: Nothing to be done for 'all'.
09:40:03 **** Incremental Build of configuration Debug for project dispport ****
make all 
Building file: ../src/helloworld.c
Invoking: ARM v8 gcc compiler
aarch64-none-elf-gcc -Wall -O0 -g3 -c -fmessage-length=0 -MT"src/helloworld.o" -I../../dispport_bsp/psu_cortexa53_0/include -MMD -MP -MF"src/helloworld.d" -MT"src/helloworld.o" -o "src/helloworld.o" "../src/helloworld.c"
../src/helloworld.c:50:10: fatal error: xil_printf.h: No such file or directory
 #include "xil_printf.h"
          ^~~~~~~~~~~~~~
compilation terminated.
make: *** [src/subdir.mk:26: src/helloworld.o] Error 1
09:41:06 **** Clean-only build of configuration Debug for project dispport ****
make clean 
rm -rf  ./src/helloworld.o ./src/platform.o  ./src/helloworld.d ./src/platform.d  dispport.elf.size  dispport.elf
 
09:41:06 **** Clean-only build of project dispport_bsp ****
make -k clean 
make -C psu_cortexa53_0/libsrc/avbuf_v2_2/src -s clean 
make -C psu_cortexa53_0/libsrc/axipmon_v6_7/src -s clean 
make -C psu_cortexa53_0/libsrc/clockps_v1_0/src -s clean 
make -C psu_cortexa53_0/libsrc/coresightps_dcc_v1_4/src -s clean 
make -C psu_cortexa53_0/libsrc/cpu_cortexa53_v1_5/src -s clean 
make -C psu_cortexa53_0/libsrc/csudma_v1_3/src -s clean 
make -C psu_cortexa53_0/libsrc/ddrcpsu_v1_1/src -s clean 
make -C psu_cortexa53_0/libsrc/dpdma_v1_1/src -s clean 
make -C psu_cortexa53_0/libsrc/gpiops_v3_4/src -s clean 
make -C psu_cortexa53_0/libsrc/iicps_v3_8/src -s clean 
make -C psu_cortexa53_0/libsrc/ipipsu_v2_4/src -s clean 
make -C psu_cortexa53_0/libsrc/resetps_v1_2/src -s clean 
make -C psu_cortexa53_0/libsrc/rtcpsu_v1_6/src -s clean 
make -C psu_cortexa53_0/libsrc/scugic_v3_10/src -s clean 
make -C psu_cortexa53_0/libsrc/sdps_v3_6/src -s clean 
make -C psu_cortexa53_0/libsrc/spips_v3_1/src -s clean 
make -C psu_cortexa53_0/libsrc/standalone_v6_8/src -s clean 
make -C psu_cortexa53_0/libsrc/sysmonpsu_v2_5/src -s clean 
make -C psu_cortexa53_0/libsrc/ttcps_v3_7/src -s clean 
make -C psu_cortexa53_0/libsrc/uartps_v3_7/src -s clean 
make -C psu_cortexa53_0/libsrc/usbpsu_v1_4/src -s clean 
make -C psu_cortexa53_0/libsrc/video_common_v4_5/src -s clean 
make -C psu_cortexa53_0/libsrc/vtc_v8_0/src -s clean 
make -C psu_cortexa53_0/libsrc/v_tpg_v8_1/src -s clean 
make -C psu_cortexa53_0/libsrc/wdtps_v3_1/src -s clean 
make -C psu_cortexa53_0/libsrc/zdma_v1_6/src -s clean 
rm -f psu_cortexa53_0/lib/libxil.a
09:41:08 **** Build of project dispport_bsp ****
make -k all 
"Running Make include in psu_cortexa53_0/libsrc/avbuf_v2_2/src"
make -C psu_cortexa53_0/libsrc/avbuf_v2_2/src -s include  "SHELL=CMD" "COMPILER=aarch64-none-elf-gcc" "ARCHIVER=aarch64-none-elf-ar" "COMPILER_FLAGS=  -O2 -c" "EXTRA_COMPILER_FLAGS=-g -Wall -Wextra"
"Running Make include in psu_cortexa53_0/libsrc/axipmon_v6_7/src"
make -C psu_cortexa53_0/libsrc/axipmon_v6_7/src -s include  "SHELL=CMD" "COMPILER=aarch64-none-elf-gcc" "ARCHIVER=aarch64-none-elf-ar" "COMPILER_FLAGS=  -O2 -c" "EXTRA_COMPILER_FLAGS=-g -Wall -Wextra"
"Running Make include in psu_cortexa53_0/libsrc/clockps_v1_0/src"
make -C psu_cortexa53_0/libsrc/clockps_v1_0/src -s include  "SHELL=CMD" "COMPILER=aarch64-none-elf-gcc" "ARCHIVER=aarch64-none-elf-ar" "COMPILER_FLAGS=  -O2 -c" "EXTRA_COMPILER_FLAGS=-g -Wall -Wextra"
"Running Make include in psu_cortexa53_0/libsrc/coresightps_dcc_v1_4/src"
make -C psu_cortexa53_0/libsrc/coresightps_dcc_v1_4/src -s include  "SHELL=CMD" "COMPILER=aarch64-none-elf-gcc" "ARCHIVER=aarch64-none-elf-ar" "COMPILER_FLAGS=  -O2 -c" "EXTRA_COMPILER_FLAGS=-g -Wall -Wextra"
"Running Make include in psu_cortexa53_0/libsrc/cpu_cortexa53_v1_5/src"
make -C psu_cortexa53_0/libsrc/cpu_cortexa53_v1_5/src -s include  "SHELL=CMD" "COMPILER=aarch64-none-elf-gcc" "ARCHIVER=aarch64-none-elf-ar" "COMPILER_FLAGS=  -O2 -c" "EXTRA_COMPILER_FLAGS=-g -Wall -Wextra"
"Running Make include in psu_cortexa53_0/libsrc/csudma_v1_3/src"
make -C psu_cortexa53_0/libsrc/csudma_v1_3/src -s include  "SHELL=CMD" "COMPILER=aarch64-none-elf-gcc" "ARCHIVER=aarch64-none-elf-ar" "COMPILER_FLAGS=  -O2 -c" "EXTRA_COMPILER_FLAGS=-g -Wall -Wextra"
"Running Make include in psu_cortexa53_0/libsrc/ddrcpsu_v1_1/src"
make -C psu_cortexa53_0/libsrc/ddrcpsu_v1_1/src -s include  "SHELL=CMD" "COMPILER=aarch64-none-elf-gcc" "ARCHIVER=aarch64-none-elf-ar" "COMPILER_FLAGS=  -O2 -c" "EXTRA_COMPILER_FLAGS=-g -Wall -Wextra"
"Running Make include in psu_cortexa53_0/libsrc/dpdma_v1_1/src"
make -C psu_cortexa53_0/libsrc/dpdma_v1_1/src -s include  "SHELL=CMD" "COMPILER=aarch64-none-elf-gcc" "ARCHIVER=aarch64-none-elf-ar" "COMPILER_FLAGS=  -O2 -c" "EXTRA_COMPILER_FLAGS=-g -Wall -Wextra"
"Running Make include in psu_cortexa53_0/libsrc/gpiops_v3_4/src"
make -C psu_cortexa53_0/libsrc/gpiops_v3_4/src -s include  "SHELL=CMD" "COMPILER=aarch64-none-elf-gcc" "ARCHIVER=aarch64-none-elf-ar" "COMPILER_FLAGS=  -O2 -c" "EXTRA_COMPILER_FLAGS=-g -Wall -Wextra"
"Running Make include in psu_cortexa53_0/libsrc/iicps_v3_8/src"
make -C psu_cortexa53_0/libsrc/iicps_v3_8/src -s include  "SHELL=CMD" "COMPILER=aarch64-none-elf-gcc" "ARCHIVER=aarch64-none-elf-ar" "COMPILER_FLAGS=  -O2 -c" "EXTRA_COMPILER_FLAGS=-g -Wall -Wextra"
"Running Make include in psu_cortexa53_0/libsrc/ipipsu_v2_4/src"
make -C psu_cortexa53_0/libsrc/ipipsu_v2_4/src -s include  "SHELL=CMD" "COMPILER=aarch64-none-elf-gcc" "ARCHIVER=aarch64-none-elf-ar" "COMPILER_FLAGS=  -O2 -c" "EXTRA_COMPILER_FLAGS=-g -Wall -Wextra"
"Running Make include in psu_cortexa53_0/libsrc/resetps_v1_2/src"
make -C psu_cortexa53_0/libsrc/resetps_v1_2/src -s include  "SHELL=CMD" "COMPILER=aarch64-none-elf-gcc" "ARCHIVER=aarch64-none-elf-ar" "COMPILER_FLAGS=  -O2 -c" "EXTRA_COMPILER_FLAGS=-g -Wall -Wextra"
"Running Make include in psu_cortexa53_0/libsrc/rtcpsu_v1_6/src"
make -C psu_cortexa53_0/libsrc/rtcpsu_v1_6/src -s include  "SHELL=CMD" "COMPILER=aarch64-none-elf-gcc" "ARCHIVER=aarch64-none-elf-ar" "COMPILER_FLAGS=  -O2 -c" "EXTRA_COMPILER_FLAGS=-g -Wall -Wextra"
"Running Make include in psu_cortexa53_0/libsrc/scugic_v3_10/src"
make -C psu_cortexa53_0/libsrc/scugic_v3_10/src -s include  "SHELL=CMD" "COMPILER=aarch64-none-elf-gcc" "ARCHIVER=aarch64-none-elf-ar" "COMPILER_FLAGS=  -O2 -c" "EXTRA_COMPILER_FLAGS=-g -Wall -Wextra"
"Running Make include in psu_cortexa53_0/libsrc/sdps_v3_6/src"
make -C psu_cortexa53_0/libsrc/sdps_v3_6/src -s include  "SHELL=CMD" "COMPILER=aarch64-none-elf-gcc" "ARCHIVER=aarch64-none-elf-ar" "COMPILER_FLAGS=  -O2 -c" "EXTRA_COMPILER_FLAGS=-g -Wall -Wextra"
"Running Make include in psu_cortexa53_0/libsrc/spips_v3_1/src"
make -C psu_cortexa53_0/libsrc/spips_v3_1/src -s include  "SHELL=CMD" "COMPILER=aarch64-none-elf-gcc" "ARCHIVER=aarch64-none-elf-ar" "COMPILER_FLAGS=  -O2 -c" "EXTRA_COMPILER_FLAGS=-g -Wall -Wextra"
"Running Make include in psu_cortexa53_0/libsrc/standalone_v6_8/src"
make -C psu_cortexa53_0/libsrc/standalone_v6_8/src -s include  "SHELL=CMD" "COMPILER=aarch64-none-elf-gcc" "ARCHIVER=aarch64-none-elf-ar" "COMPILER_FLAGS=  -O2 -c" "EXTRA_COMPILER_FLAGS=-g -Wall -Wextra"
"Running Make include in psu_cortexa53_0/libsrc/sysmonpsu_v2_5/src"
make -C psu_cortexa53_0/libsrc/sysmonpsu_v2_5/src -s include  "SHELL=CMD" "COMPILER=aarch64-none-elf-gcc" "ARCHIVER=aarch64-none-elf-ar" "COMPILER_FLAGS=  -O2 -c" "EXTRA_COMPILER_FLAGS=-g -Wall -Wextra"
"Running Make include in psu_cortexa53_0/libsrc/ttcps_v3_7/src"
make -C psu_cortexa53_0/libsrc/ttcps_v3_7/src -s include  "SHELL=CMD" "COMPILER=aarch64-none-elf-gcc" "ARCHIVER=aarch64-none-elf-ar" "COMPILER_FLAGS=  -O2 -c" "EXTRA_COMPILER_FLAGS=-g -Wall -Wextra"
"Running Make include in psu_cortexa53_0/libsrc/uartps_v3_7/src"
make -C psu_cortexa53_0/libsrc/uartps_v3_7/src -s include  "SHELL=CMD" "COMPILER=aarch64-none-elf-gcc" "ARCHIVER=aarch64-none-elf-ar" "COMPILER_FLAGS=  -O2 -c" "EXTRA_COMPILER_FLAGS=-g -Wall -Wextra"
"Running Make include in psu_cortexa53_0/libsrc/usbpsu_v1_4/src"
make -C psu_cortexa53_0/libsrc/usbpsu_v1_4/src -s include  "SHELL=CMD" "COMPILER=aarch64-none-elf-gcc" "ARCHIVER=aarch64-none-elf-ar" "COMPILER_FLAGS=  -O2 -c" "EXTRA_COMPILER_FLAGS=-g -Wall -Wextra"
"Running Make include in psu_cortexa53_0/libsrc/video_common_v4_5/src"
make -C psu_cortexa53_0/libsrc/video_common_v4_5/src -s include  "SHELL=CMD" "COMPILER=aarch64-none-elf-gcc" "ARCHIVER=aarch64-none-elf-ar" "COMPILER_FLAGS=  -O2 -c" "EXTRA_COMPILER_FLAGS=-g -Wall -Wextra"
"Running Make include in psu_cortexa53_0/libsrc/vtc_v8_0/src"
make -C psu_cortexa53_0/libsrc/vtc_v8_0/src -s include  "SHELL=CMD" "COMPILER=aarch64-none-elf-gcc" "ARCHIVER=aarch64-none-elf-ar" "COMPILER_FLAGS=  -O2 -c" "EXTRA_COMPILER_FLAGS=-g -Wall -Wextra"
"Running Make include in psu_cortexa53_0/libsrc/v_tpg_v8_1/src"
make -C psu_cortexa53_0/libsrc/v_tpg_v8_1/src -s include  "SHELL=CMD" "COMPILER=aarch64-none-elf-gcc" "ARCHIVER=aarch64-none-elf-ar" "COMPILER_FLAGS=  -O2 -c" "EXTRA_COMPILER_FLAGS=-g -Wall -Wextra"
"Running Make include in psu_cortexa53_0/libsrc/wdtps_v3_1/src"
make -C psu_cortexa53_0/libsrc/wdtps_v3_1/src -s include  "SHELL=CMD" "COMPILER=aarch64-none-elf-gcc" "ARCHIVER=aarch64-none-elf-ar" "COMPILER_FLAGS=  -O2 -c" "EXTRA_COMPILER_FLAGS=-g -Wall -Wextra"
"Running Make include in psu_cortexa53_0/libsrc/zdma_v1_6/src"
make -C psu_cortexa53_0/libsrc/zdma_v1_6/src -s include  "SHELL=CMD" "COMPILER=aarch64-none-elf-gcc" "ARCHIVER=aarch64-none-elf-ar" "COMPILER_FLAGS=  -O2 -c" "EXTRA_COMPILER_FLAGS=-g -Wall -Wextra"
"Running Make libs in psu_cortexa53_0/libsrc/avbuf_v2_2/src"
make -C psu_cortexa53_0/libsrc/avbuf_v2_2/src -s libs  "SHELL=CMD" "COMPILER=aarch64-none-elf-gcc" "ARCHIVER=aarch64-none-elf-ar" "COMPILER_FLAGS=  -O2 -c" "EXTRA_COMPILER_FLAGS=-g -Wall -Wextra"
"Compiling avbuf"
aarch64-none-elf-ar: creating ../../../lib/libxil.a
"Running Make libs in psu_cortexa53_0/libsrc/axipmon_v6_7/src"
make -C psu_cortexa53_0/libsrc/axipmon_v6_7/src -s libs  "SHELL=CMD" "COMPILER=aarch64-none-elf-gcc" "ARCHIVER=aarch64-none-elf-ar" "COMPILER_FLAGS=  -O2 -c" "EXTRA_COMPILER_FLAGS=-g -Wall -Wextra"
"Compiling axipmon"
"Running Make libs in psu_cortexa53_0/libsrc/clockps_v1_0/src"
make -C psu_cortexa53_0/libsrc/clockps_v1_0/src -s libs  "SHELL=CMD" "COMPILER=aarch64-none-elf-gcc" "ARCHIVER=aarch64-none-elf-ar" "COMPILER_FLAGS=  -O2 -c" "EXTRA_COMPILER_FLAGS=-g -Wall -Wextra"
"Compiling clockps"
"Running Make libs in psu_cortexa53_0/libsrc/coresightps_dcc_v1_4/src"
make -C psu_cortexa53_0/libsrc/coresightps_dcc_v1_4/src -s libs  "SHELL=CMD" "COMPILER=aarch64-none-elf-gcc" "ARCHIVER=aarch64-none-elf-ar" "COMPILER_FLAGS=  -O2 -c" "EXTRA_COMPILER_FLAGS=-g -Wall -Wextra"
"Compiling coresightps_dcc"
"Running Make libs in psu_cortexa53_0/libsrc/cpu_cortexa53_v1_5/src"
make -C psu_cortexa53_0/libsrc/cpu_cortexa53_v1_5/src -s libs  "SHELL=CMD" "COMPILER=aarch64-none-elf-gcc" "ARCHIVER=aarch64-none-elf-ar" "COMPILER_FLAGS=  -O2 -c" "EXTRA_COMPILER_FLAGS=-g -Wall -Wextra"
"Compiling cpu_cortexa53"
"Running Make libs in psu_cortexa53_0/libsrc/csudma_v1_3/src"
make -C psu_cortexa53_0/libsrc/csudma_v1_3/src -s libs  "SHELL=CMD" "COMPILER=aarch64-none-elf-gcc" "ARCHIVER=aarch64-none-elf-ar" "COMPILER_FLAGS=  -O2 -c" "EXTRA_COMPILER_FLAGS=-g -Wall -Wextra"
"Compiling csudma"
"Running Make libs in psu_cortexa53_0/libsrc/ddrcpsu_v1_1/src"
make -C psu_cortexa53_0/libsrc/ddrcpsu_v1_1/src -s libs  "SHELL=CMD" "COMPILER=aarch64-none-elf-gcc" "ARCHIVER=aarch64-none-elf-ar" "COMPILER_FLAGS=  -O2 -c" "EXTRA_COMPILER_FLAGS=-g -Wall -Wextra"
"Compiling ddrcpsu"
"Running Make libs in psu_cortexa53_0/libsrc/dpdma_v1_1/src"
make -C psu_cortexa53_0/libsrc/dpdma_v1_1/src -s libs  "SHELL=CMD" "COMPILER=aarch64-none-elf-gcc" "ARCHIVER=aarch64-none-elf-ar" "COMPILER_FLAGS=  -O2 -c" "EXTRA_COMPILER_FLAGS=-g -Wall -Wextra"
"Compiling dpdma"
"Running Make libs in psu_cortexa53_0/libsrc/gpiops_v3_4/src"
make -C psu_cortexa53_0/libsrc/gpiops_v3_4/src -s libs  "SHELL=CMD" "COMPILER=aarch64-none-elf-gcc" "ARCHIVER=aarch64-none-elf-ar" "COMPILER_FLAGS=  -O2 -c" "EXTRA_COMPILER_FLAGS=-g -Wall -Wextra"
"Compiling gpiops"
"Running Make libs in psu_cortexa53_0/libsrc/iicps_v3_8/src"
make -C psu_cortexa53_0/libsrc/iicps_v3_8/src -s libs  "SHELL=CMD" "COMPILER=aarch64-none-elf-gcc" "ARCHIVER=aarch64-none-elf-ar" "COMPILER_FLAGS=  -O2 -c" "EXTRA_COMPILER_FLAGS=-g -Wall -Wextra"
"Compiling iicps"
"Running Make libs in psu_cortexa53_0/libsrc/ipipsu_v2_4/src"
make -C psu_cortexa53_0/libsrc/ipipsu_v2_4/src -s libs  "SHELL=CMD" "COMPILER=aarch64-none-elf-gcc" "ARCHIVER=aarch64-none-elf-ar" "COMPILER_FLAGS=  -O2 -c" "EXTRA_COMPILER_FLAGS=-g -Wall -Wextra"
"Compiling ipipsu"
"Running Make libs in psu_cortexa53_0/libsrc/resetps_v1_2/src"
make -C psu_cortexa53_0/libsrc/resetps_v1_2/src -s libs  "SHELL=CMD" "COMPILER=aarch64-none-elf-gcc" "ARCHIVER=aarch64-none-elf-ar" "COMPILER_FLAGS=  -O2 -c" "EXTRA_COMPILER_FLAGS=-g -Wall -Wextra"
"Compiling resetps"
"Running Make libs in psu_cortexa53_0/libsrc/rtcpsu_v1_6/src"
make -C psu_cortexa53_0/libsrc/rtcpsu_v1_6/src -s libs  "SHELL=CMD" "COMPILER=aarch64-none-elf-gcc" "ARCHIVER=aarch64-none-elf-ar" "COMPILER_FLAGS=  -O2 -c" "EXTRA_COMPILER_FLAGS=-g -Wall -Wextra"
"Compiling rtcpsu"
"Running Make libs in psu_cortexa53_0/libsrc/scugic_v3_10/src"
make -C psu_cortexa53_0/libsrc/scugic_v3_10/src -s libs  "SHELL=CMD" "COMPILER=aarch64-none-elf-gcc" "ARCHIVER=aarch64-none-elf-ar" "COMPILER_FLAGS=  -O2 -c" "EXTRA_COMPILER_FLAGS=-g -Wall -Wextra"
"Compiling scugic"
"Running Make libs in psu_cortexa53_0/libsrc/sdps_v3_6/src"
make -C psu_cortexa53_0/libsrc/sdps_v3_6/src -s libs  "SHELL=CMD" "COMPILER=aarch64-none-elf-gcc" "ARCHIVER=aarch64-none-elf-ar" "COMPILER_FLAGS=  -O2 -c" "EXTRA_COMPILER_FLAGS=-g -Wall -Wextra"
"Compiling sdps"
"Running Make libs in psu_cortexa53_0/libsrc/spips_v3_1/src"
make -C psu_cortexa53_0/libsrc/spips_v3_1/src -s libs  "SHELL=CMD" "COMPILER=aarch64-none-elf-gcc" "ARCHIVER=aarch64-none-elf-ar" "COMPILER_FLAGS=  -O2 -c" "EXTRA_COMPILER_FLAGS=-g -Wall -Wextra"
"Compiling spips"
"Running Make libs in psu_cortexa53_0/libsrc/standalone_v6_8/src"
make -C psu_cortexa53_0/libsrc/standalone_v6_8/src -s libs  "SHELL=CMD" "COMPILER=aarch64-none-elf-gcc" "ARCHIVER=aarch64-none-elf-ar" "COMPILER_FLAGS=  -O2 -c" "EXTRA_COMPILER_FLAGS=-g -Wall -Wextra"
"Compiling standalone A53"
In file included from xil_sleeptimer.c:51:0:
xtime_l.h:77:9: note: #pragma message: For the sleep routines, Global timer is being used
 #pragma message ("For the sleep routines, Global timer is being used")
         ^~~~~~~
In file included from xtime_l.c:52:0:
xtime_l.h:77:9: note: #pragma message: For the sleep routines, Global timer is being used
 #pragma message ("For the sleep routines, Global timer is being used")
         ^~~~~~~
In file included from sleep.c:59:0:
xtime_l.h:77:9: note: #pragma message: For the sleep routines, Global timer is being used
 #pragma message ("For the sleep routines, Global timer is being used")
         ^~~~~~~
translation_table.S:145:2: warning: #warning "There's no DDR_1 in the HW design. MMU translation table marks 32 GB DDR address space as undefined" [-Wcpp]
 #warning "There's no DDR_1 in the HW design. MMU translation table marks 32 GB DDR address space as undefined"
  ^~~~~~~
"Running Make libs in psu_cortexa53_0/libsrc/sysmonpsu_v2_5/src"
make -C psu_cortexa53_0/libsrc/sysmonpsu_v2_5/src -s libs  "SHELL=CMD" "COMPILER=aarch64-none-elf-gcc" "ARCHIVER=aarch64-none-elf-ar" "COMPILER_FLAGS=  -O2 -c" "EXTRA_COMPILER_FLAGS=-g -Wall -Wextra"
"Compiling sysmonpsu"
"Running Make libs in psu_cortexa53_0/libsrc/ttcps_v3_7/src"
make -C psu_cortexa53_0/libsrc/ttcps_v3_7/src -s libs  "SHELL=CMD" "COMPILER=aarch64-none-elf-gcc" "ARCHIVER=aarch64-none-elf-ar" "COMPILER_FLAGS=  -O2 -c" "EXTRA_COMPILER_FLAGS=-g -Wall -Wextra"
"Compiling ttcps"
"Running Make libs in psu_cortexa53_0/libsrc/uartps_v3_7/src"
make -C psu_cortexa53_0/libsrc/uartps_v3_7/src -s libs  "SHELL=CMD" "COMPILER=aarch64-none-elf-gcc" "ARCHIVER=aarch64-none-elf-ar" "COMPILER_FLAGS=  -O2 -c" "EXTRA_COMPILER_FLAGS=-g -Wall -Wextra"
"Compiling uartps"
"Running Make libs in psu_cortexa53_0/libsrc/usbpsu_v1_4/src"
make -C psu_cortexa53_0/libsrc/usbpsu_v1_4/src -s libs  "SHELL=CMD" "COMPILER=aarch64-none-elf-gcc" "ARCHIVER=aarch64-none-elf-ar" "COMPILER_FLAGS=  -O2 -c" "EXTRA_COMPILER_FLAGS=-g -Wall -Wextra"
"Compiling usbpsu"
"Running Make libs in psu_cortexa53_0/libsrc/video_common_v4_5/src"
make -C psu_cortexa53_0/libsrc/video_common_v4_5/src -s libs  "SHELL=CMD" "COMPILER=aarch64-none-elf-gcc" "ARCHIVER=aarch64-none-elf-ar" "COMPILER_FLAGS=  -O2 -c" "EXTRA_COMPILER_FLAGS=-g -Wall -Wextra"
"Compiling video_common"
"Running Make libs in psu_cortexa53_0/libsrc/vtc_v8_0/src"
make -C psu_cortexa53_0/libsrc/vtc_v8_0/src -s libs  "SHELL=CMD" "COMPILER=aarch64-none-elf-gcc" "ARCHIVER=aarch64-none-elf-ar" "COMPILER_FLAGS=  -O2 -c" "EXTRA_COMPILER_FLAGS=-g -Wall -Wextra"
"Compiling video timing controller"
"Running Make libs in psu_cortexa53_0/libsrc/v_tpg_v8_1/src"
make -C psu_cortexa53_0/libsrc/v_tpg_v8_1/src -s libs  "SHELL=CMD" "COMPILER=aarch64-none-elf-gcc" "ARCHIVER=aarch64-none-elf-ar" "COMPILER_FLAGS=  -O2 -c" "EXTRA_COMPILER_FLAGS=-g -Wall -Wextra"
"Compiling v_tpg"
"Running Make libs in psu_cortexa53_0/libsrc/wdtps_v3_1/src"
make -C psu_cortexa53_0/libsrc/wdtps_v3_1/src -s libs  "SHELL=CMD" "COMPILER=aarch64-none-elf-gcc" "ARCHIVER=aarch64-none-elf-ar" "COMPILER_FLAGS=  -O2 -c" "EXTRA_COMPILER_FLAGS=-g -Wall -Wextra"
"Compiling wdtps"
"Running Make libs in psu_cortexa53_0/libsrc/zdma_v1_6/src"
make -C psu_cortexa53_0/libsrc/zdma_v1_6/src -s libs  "SHELL=CMD" "COMPILER=aarch64-none-elf-gcc" "ARCHIVER=aarch64-none-elf-ar" "COMPILER_FLAGS=  -O2 -c" "EXTRA_COMPILER_FLAGS=-g -Wall -Wextra"
"Compiling zdma"
'Finished building libraries'
09:41:56 **** Build of configuration Debug for project dispport ****
make all 
Building file: ../src/helloworld.c
Invoking: ARM v8 gcc compiler
aarch64-none-elf-gcc -Wall -O0 -g3 -c -fmessage-length=0 -MT"src/helloworld.o" -I../../dispport_bsp/psu_cortexa53_0/include -MMD -MP -MF"src/helloworld.d" -MT"src/helloworld.o" -o "src/helloworld.o" "../src/helloworld.c"
Finished building: ../src/helloworld.c
 
Building file: ../src/platform.c
Invoking: ARM v8 gcc compiler
aarch64-none-elf-gcc -Wall -O0 -g3 -c -fmessage-length=0 -MT"src/platform.o" -I../../dispport_bsp/psu_cortexa53_0/include -MMD -MP -MF"src/platform.d" -MT"src/platform.o" -o "src/platform.o" "../src/platform.c"
Finished building: ../src/platform.c
 
Building target: dispport.elf
Invoking: ARM v8 gcc linker
aarch64-none-elf-gcc -Wl,-T -Wl,../src/lscript.ld -L../../dispport_bsp/psu_cortexa53_0/lib -o "dispport.elf"  ./src/helloworld.o ./src/platform.o   -Wl,--start-group,-lxil,-lgcc,-lc,--end-group
Finished building target: dispport.elf
 
Invoking: ARM v8 Print Size
aarch64-none-elf-size dispport.elf  |tee "dispport.elf.size"
   text	   data	    bss	    dec	    hex	filename
  30516	   2344	  20632	  53492	   d0f4	dispport.elf
Finished building: dispport.elf.size
 
10:55:28 **** Incremental Build of configuration Debug for project dispport ****
make all 
make: Nothing to be done for 'all'.
10:55:53 **** Incremental Build of configuration Debug for project dispport ****
make all 
make: Nothing to be done for 'all'.
10:56:45 **** Incremental Build of configuration Debug for project dispport ****
make all 
make: Nothing to be done for 'all'.
12:18:41 **** Clean-only build of configuration Debug for project dispport ****
make clean 
rm -rf  ./src/helloworld.o ./src/platform.o  ./src/helloworld.d ./src/platform.d  dispport.elf.size  dispport.elf
 
12:18:42 **** Clean-only build of project dispport_bsp ****
make -k clean 
make -C psu_cortexa53_0/libsrc/avbuf_v2_2/src -s clean 
make -C psu_cortexa53_0/libsrc/axipmon_v6_7/src -s clean 
make -C psu_cortexa53_0/libsrc/clockps_v1_0/src -s clean 
make -C psu_cortexa53_0/libsrc/coresightps_dcc_v1_4/src -s clean 
make -C psu_cortexa53_0/libsrc/cpu_cortexa53_v1_5/src -s clean 
make -C psu_cortexa53_0/libsrc/csudma_v1_3/src -s clean 
make -C psu_cortexa53_0/libsrc/ddrcpsu_v1_1/src -s clean 
make -C psu_cortexa53_0/libsrc/dpdma_v1_1/src -s clean 
make -C psu_cortexa53_0/libsrc/gpiops_v3_4/src -s clean 
make -C psu_cortexa53_0/libsrc/iicps_v3_8/src -s clean 
make -C psu_cortexa53_0/libsrc/ipipsu_v2_4/src -s clean 
make -C psu_cortexa53_0/libsrc/resetps_v1_2/src -s clean 
make -C psu_cortexa53_0/libsrc/rtcpsu_v1_6/src -s clean 
make -C psu_cortexa53_0/libsrc/scugic_v3_10/src -s clean 
make -C psu_cortexa53_0/libsrc/sdps_v3_6/src -s clean 
make -C psu_cortexa53_0/libsrc/spips_v3_1/src -s clean 
make -C psu_cortexa53_0/libsrc/standalone_v6_8/src -s clean 
make -C psu_cortexa53_0/libsrc/sysmonpsu_v2_5/src -s clean 
make -C psu_cortexa53_0/libsrc/ttcps_v3_7/src -s clean 
make -C psu_cortexa53_0/libsrc/uartps_v3_7/src -s clean 
make -C psu_cortexa53_0/libsrc/usbpsu_v1_4/src -s clean 
make -C psu_cortexa53_0/libsrc/video_common_v4_5/src -s clean 
make -C psu_cortexa53_0/libsrc/vtc_v8_0/src -s clean 
make -C psu_cortexa53_0/libsrc/v_tpg_v8_1/src -s clean 
make -C psu_cortexa53_0/libsrc/wdtps_v3_1/src -s clean 
make -C psu_cortexa53_0/libsrc/zdma_v1_6/src -s clean 
rm -f psu_cortexa53_0/lib/libxil.a
12:18:44 **** Build of project dispport_bsp ****
make -k all 
"Running Make include in psu_cortexa53_0/libsrc/avbuf_v2_2/src"
make -C psu_cortexa53_0/libsrc/avbuf_v2_2/src -s include  "SHELL=CMD" "COMPILER=aarch64-none-elf-gcc" "ARCHIVER=aarch64-none-elf-ar" "COMPILER_FLAGS=  -O2 -c" "EXTRA_COMPILER_FLAGS=-g -Wall -Wextra"
"Running Make include in psu_cortexa53_0/libsrc/axipmon_v6_7/src"
make -C psu_cortexa53_0/libsrc/axipmon_v6_7/src -s include  "SHELL=CMD" "COMPILER=aarch64-none-elf-gcc" "ARCHIVER=aarch64-none-elf-ar" "COMPILER_FLAGS=  -O2 -c" "EXTRA_COMPILER_FLAGS=-g -Wall -Wextra"
"Running Make include in psu_cortexa53_0/libsrc/clockps_v1_0/src"
make -C psu_cortexa53_0/libsrc/clockps_v1_0/src -s include  "SHELL=CMD" "COMPILER=aarch64-none-elf-gcc" "ARCHIVER=aarch64-none-elf-ar" "COMPILER_FLAGS=  -O2 -c" "EXTRA_COMPILER_FLAGS=-g -Wall -Wextra"
"Running Make include in psu_cortexa53_0/libsrc/coresightps_dcc_v1_4/src"
make -C psu_cortexa53_0/libsrc/coresightps_dcc_v1_4/src -s include  "SHELL=CMD" "COMPILER=aarch64-none-elf-gcc" "ARCHIVER=aarch64-none-elf-ar" "COMPILER_FLAGS=  -O2 -c" "EXTRA_COMPILER_FLAGS=-g -Wall -Wextra"
"Running Make include in psu_cortexa53_0/libsrc/cpu_cortexa53_v1_5/src"
make -C psu_cortexa53_0/libsrc/cpu_cortexa53_v1_5/src -s include  "SHELL=CMD" "COMPILER=aarch64-none-elf-gcc" "ARCHIVER=aarch64-none-elf-ar" "COMPILER_FLAGS=  -O2 -c" "EXTRA_COMPILER_FLAGS=-g -Wall -Wextra"
"Running Make include in psu_cortexa53_0/libsrc/csudma_v1_3/src"
make -C psu_cortexa53_0/libsrc/csudma_v1_3/src -s include  "SHELL=CMD" "COMPILER=aarch64-none-elf-gcc" "ARCHIVER=aarch64-none-elf-ar" "COMPILER_FLAGS=  -O2 -c" "EXTRA_COMPILER_FLAGS=-g -Wall -Wextra"
"Running Make include in psu_cortexa53_0/libsrc/ddrcpsu_v1_1/src"
make -C psu_cortexa53_0/libsrc/ddrcpsu_v1_1/src -s include  "SHELL=CMD" "COMPILER=aarch64-none-elf-gcc" "ARCHIVER=aarch64-none-elf-ar" "COMPILER_FLAGS=  -O2 -c" "EXTRA_COMPILER_FLAGS=-g -Wall -Wextra"
"Running Make include in psu_cortexa53_0/libsrc/dpdma_v1_1/src"
make -C psu_cortexa53_0/libsrc/dpdma_v1_1/src -s include  "SHELL=CMD" "COMPILER=aarch64-none-elf-gcc" "ARCHIVER=aarch64-none-elf-ar" "COMPILER_FLAGS=  -O2 -c" "EXTRA_COMPILER_FLAGS=-g -Wall -Wextra"
"Running Make include in psu_cortexa53_0/libsrc/gpiops_v3_4/src"
make -C psu_cortexa53_0/libsrc/gpiops_v3_4/src -s include  "SHELL=CMD" "COMPILER=aarch64-none-elf-gcc" "ARCHIVER=aarch64-none-elf-ar" "COMPILER_FLAGS=  -O2 -c" "EXTRA_COMPILER_FLAGS=-g -Wall -Wextra"
"Running Make include in psu_cortexa53_0/libsrc/iicps_v3_8/src"
make -C psu_cortexa53_0/libsrc/iicps_v3_8/src -s include  "SHELL=CMD" "COMPILER=aarch64-none-elf-gcc" "ARCHIVER=aarch64-none-elf-ar" "COMPILER_FLAGS=  -O2 -c" "EXTRA_COMPILER_FLAGS=-g -Wall -Wextra"
"Running Make include in psu_cortexa53_0/libsrc/ipipsu_v2_4/src"
make -C psu_cortexa53_0/libsrc/ipipsu_v2_4/src -s include  "SHELL=CMD" "COMPILER=aarch64-none-elf-gcc" "ARCHIVER=aarch64-none-elf-ar" "COMPILER_FLAGS=  -O2 -c" "EXTRA_COMPILER_FLAGS=-g -Wall -Wextra"
"Running Make include in psu_cortexa53_0/libsrc/resetps_v1_2/src"
make -C psu_cortexa53_0/libsrc/resetps_v1_2/src -s include  "SHELL=CMD" "COMPILER=aarch64-none-elf-gcc" "ARCHIVER=aarch64-none-elf-ar" "COMPILER_FLAGS=  -O2 -c" "EXTRA_COMPILER_FLAGS=-g -Wall -Wextra"
"Running Make include in psu_cortexa53_0/libsrc/rtcpsu_v1_6/src"
make -C psu_cortexa53_0/libsrc/rtcpsu_v1_6/src -s include  "SHELL=CMD" "COMPILER=aarch64-none-elf-gcc" "ARCHIVER=aarch64-none-elf-ar" "COMPILER_FLAGS=  -O2 -c" "EXTRA_COMPILER_FLAGS=-g -Wall -Wextra"
"Running Make include in psu_cortexa53_0/libsrc/scugic_v3_10/src"
make -C psu_cortexa53_0/libsrc/scugic_v3_10/src -s include  "SHELL=CMD" "COMPILER=aarch64-none-elf-gcc" "ARCHIVER=aarch64-none-elf-ar" "COMPILER_FLAGS=  -O2 -c" "EXTRA_COMPILER_FLAGS=-g -Wall -Wextra"
"Running Make include in psu_cortexa53_0/libsrc/sdps_v3_6/src"
make -C psu_cortexa53_0/libsrc/sdps_v3_6/src -s include  "SHELL=CMD" "COMPILER=aarch64-none-elf-gcc" "ARCHIVER=aarch64-none-elf-ar" "COMPILER_FLAGS=  -O2 -c" "EXTRA_COMPILER_FLAGS=-g -Wall -Wextra"
"Running Make include in psu_cortexa53_0/libsrc/spips_v3_1/src"
make -C psu_cortexa53_0/libsrc/spips_v3_1/src -s include  "SHELL=CMD" "COMPILER=aarch64-none-elf-gcc" "ARCHIVER=aarch64-none-elf-ar" "COMPILER_FLAGS=  -O2 -c" "EXTRA_COMPILER_FLAGS=-g -Wall -Wextra"
"Running Make include in psu_cortexa53_0/libsrc/standalone_v6_8/src"
make -C psu_cortexa53_0/libsrc/standalone_v6_8/src -s include  "SHELL=CMD" "COMPILER=aarch64-none-elf-gcc" "ARCHIVER=aarch64-none-elf-ar" "COMPILER_FLAGS=  -O2 -c" "EXTRA_COMPILER_FLAGS=-g -Wall -Wextra"
"Running Make include in psu_cortexa53_0/libsrc/sysmonpsu_v2_5/src"
make -C psu_cortexa53_0/libsrc/sysmonpsu_v2_5/src -s include  "SHELL=CMD" "COMPILER=aarch64-none-elf-gcc" "ARCHIVER=aarch64-none-elf-ar" "COMPILER_FLAGS=  -O2 -c" "EXTRA_COMPILER_FLAGS=-g -Wall -Wextra"
"Running Make include in psu_cortexa53_0/libsrc/ttcps_v3_7/src"
make -C psu_cortexa53_0/libsrc/ttcps_v3_7/src -s include  "SHELL=CMD" "COMPILER=aarch64-none-elf-gcc" "ARCHIVER=aarch64-none-elf-ar" "COMPILER_FLAGS=  -O2 -c" "EXTRA_COMPILER_FLAGS=-g -Wall -Wextra"
"Running Make include in psu_cortexa53_0/libsrc/uartps_v3_7/src"
make -C psu_cortexa53_0/libsrc/uartps_v3_7/src -s include  "SHELL=CMD" "COMPILER=aarch64-none-elf-gcc" "ARCHIVER=aarch64-none-elf-ar" "COMPILER_FLAGS=  -O2 -c" "EXTRA_COMPILER_FLAGS=-g -Wall -Wextra"
"Running Make include in psu_cortexa53_0/libsrc/usbpsu_v1_4/src"
make -C psu_cortexa53_0/libsrc/usbpsu_v1_4/src -s include  "SHELL=CMD" "COMPILER=aarch64-none-elf-gcc" "ARCHIVER=aarch64-none-elf-ar" "COMPILER_FLAGS=  -O2 -c" "EXTRA_COMPILER_FLAGS=-g -Wall -Wextra"
"Running Make include in psu_cortexa53_0/libsrc/video_common_v4_5/src"
make -C psu_cortexa53_0/libsrc/video_common_v4_5/src -s include  "SHELL=CMD" "COMPILER=aarch64-none-elf-gcc" "ARCHIVER=aarch64-none-elf-ar" "COMPILER_FLAGS=  -O2 -c" "EXTRA_COMPILER_FLAGS=-g -Wall -Wextra"
"Running Make include in psu_cortexa53_0/libsrc/vtc_v8_0/src"
make -C psu_cortexa53_0/libsrc/vtc_v8_0/src -s include  "SHELL=CMD" "COMPILER=aarch64-none-elf-gcc" "ARCHIVER=aarch64-none-elf-ar" "COMPILER_FLAGS=  -O2 -c" "EXTRA_COMPILER_FLAGS=-g -Wall -Wextra"
"Running Make include in psu_cortexa53_0/libsrc/v_tpg_v8_1/src"
make -C psu_cortexa53_0/libsrc/v_tpg_v8_1/src -s include  "SHELL=CMD" "COMPILER=aarch64-none-elf-gcc" "ARCHIVER=aarch64-none-elf-ar" "COMPILER_FLAGS=  -O2 -c" "EXTRA_COMPILER_FLAGS=-g -Wall -Wextra"
"Running Make include in psu_cortexa53_0/libsrc/wdtps_v3_1/src"
make -C psu_cortexa53_0/libsrc/wdtps_v3_1/src -s include  "SHELL=CMD" "COMPILER=aarch64-none-elf-gcc" "ARCHIVER=aarch64-none-elf-ar" "COMPILER_FLAGS=  -O2 -c" "EXTRA_COMPILER_FLAGS=-g -Wall -Wextra"
"Running Make include in psu_cortexa53_0/libsrc/zdma_v1_6/src"
make -C psu_cortexa53_0/libsrc/zdma_v1_6/src -s include  "SHELL=CMD" "COMPILER=aarch64-none-elf-gcc" "ARCHIVER=aarch64-none-elf-ar" "COMPILER_FLAGS=  -O2 -c" "EXTRA_COMPILER_FLAGS=-g -Wall -Wextra"
"Running Make libs in psu_cortexa53_0/libsrc/avbuf_v2_2/src"
make -C psu_cortexa53_0/libsrc/avbuf_v2_2/src -s libs  "SHELL=CMD" "COMPILER=aarch64-none-elf-gcc" "ARCHIVER=aarch64-none-elf-ar" "COMPILER_FLAGS=  -O2 -c" "EXTRA_COMPILER_FLAGS=-g -Wall -Wextra"
"Compiling avbuf"
aarch64-none-elf-ar: creating ../../../lib/libxil.a
"Running Make libs in psu_cortexa53_0/libsrc/axipmon_v6_7/src"
make -C psu_cortexa53_0/libsrc/axipmon_v6_7/src -s libs  "SHELL=CMD" "COMPILER=aarch64-none-elf-gcc" "ARCHIVER=aarch64-none-elf-ar" "COMPILER_FLAGS=  -O2 -c" "EXTRA_COMPILER_FLAGS=-g -Wall -Wextra"
"Compiling axipmon"
"Running Make libs in psu_cortexa53_0/libsrc/clockps_v1_0/src"
make -C psu_cortexa53_0/libsrc/clockps_v1_0/src -s libs  "SHELL=CMD" "COMPILER=aarch64-none-elf-gcc" "ARCHIVER=aarch64-none-elf-ar" "COMPILER_FLAGS=  -O2 -c" "EXTRA_COMPILER_FLAGS=-g -Wall -Wextra"
"Compiling clockps"
"Running Make libs in psu_cortexa53_0/libsrc/coresightps_dcc_v1_4/src"
make -C psu_cortexa53_0/libsrc/coresightps_dcc_v1_4/src -s libs  "SHELL=CMD" "COMPILER=aarch64-none-elf-gcc" "ARCHIVER=aarch64-none-elf-ar" "COMPILER_FLAGS=  -O2 -c" "EXTRA_COMPILER_FLAGS=-g -Wall -Wextra"
"Compiling coresightps_dcc"
"Running Make libs in psu_cortexa53_0/libsrc/cpu_cortexa53_v1_5/src"
make -C psu_cortexa53_0/libsrc/cpu_cortexa53_v1_5/src -s libs  "SHELL=CMD" "COMPILER=aarch64-none-elf-gcc" "ARCHIVER=aarch64-none-elf-ar" "COMPILER_FLAGS=  -O2 -c" "EXTRA_COMPILER_FLAGS=-g -Wall -Wextra"
"Compiling cpu_cortexa53"
"Running Make libs in psu_cortexa53_0/libsrc/csudma_v1_3/src"
make -C psu_cortexa53_0/libsrc/csudma_v1_3/src -s libs  "SHELL=CMD" "COMPILER=aarch64-none-elf-gcc" "ARCHIVER=aarch64-none-elf-ar" "COMPILER_FLAGS=  -O2 -c" "EXTRA_COMPILER_FLAGS=-g -Wall -Wextra"
"Compiling csudma"
"Running Make libs in psu_cortexa53_0/libsrc/ddrcpsu_v1_1/src"
make -C psu_cortexa53_0/libsrc/ddrcpsu_v1_1/src -s libs  "SHELL=CMD" "COMPILER=aarch64-none-elf-gcc" "ARCHIVER=aarch64-none-elf-ar" "COMPILER_FLAGS=  -O2 -c" "EXTRA_COMPILER_FLAGS=-g -Wall -Wextra"
"Compiling ddrcpsu"
"Running Make libs in psu_cortexa53_0/libsrc/dpdma_v1_1/src"
make -C psu_cortexa53_0/libsrc/dpdma_v1_1/src -s libs  "SHELL=CMD" "COMPILER=aarch64-none-elf-gcc" "ARCHIVER=aarch64-none-elf-ar" "COMPILER_FLAGS=  -O2 -c" "EXTRA_COMPILER_FLAGS=-g -Wall -Wextra"
"Compiling dpdma"
"Running Make libs in psu_cortexa53_0/libsrc/gpiops_v3_4/src"
make -C psu_cortexa53_0/libsrc/gpiops_v3_4/src -s libs  "SHELL=CMD" "COMPILER=aarch64-none-elf-gcc" "ARCHIVER=aarch64-none-elf-ar" "COMPILER_FLAGS=  -O2 -c" "EXTRA_COMPILER_FLAGS=-g -Wall -Wextra"
"Compiling gpiops"
"Running Make libs in psu_cortexa53_0/libsrc/iicps_v3_8/src"
make -C psu_cortexa53_0/libsrc/iicps_v3_8/src -s libs  "SHELL=CMD" "COMPILER=aarch64-none-elf-gcc" "ARCHIVER=aarch64-none-elf-ar" "COMPILER_FLAGS=  -O2 -c" "EXTRA_COMPILER_FLAGS=-g -Wall -Wextra"
"Compiling iicps"
"Running Make libs in psu_cortexa53_0/libsrc/ipipsu_v2_4/src"
make -C psu_cortexa53_0/libsrc/ipipsu_v2_4/src -s libs  "SHELL=CMD" "COMPILER=aarch64-none-elf-gcc" "ARCHIVER=aarch64-none-elf-ar" "COMPILER_FLAGS=  -O2 -c" "EXTRA_COMPILER_FLAGS=-g -Wall -Wextra"
"Compiling ipipsu"
"Running Make libs in psu_cortexa53_0/libsrc/resetps_v1_2/src"
make -C psu_cortexa53_0/libsrc/resetps_v1_2/src -s libs  "SHELL=CMD" "COMPILER=aarch64-none-elf-gcc" "ARCHIVER=aarch64-none-elf-ar" "COMPILER_FLAGS=  -O2 -c" "EXTRA_COMPILER_FLAGS=-g -Wall -Wextra"
"Compiling resetps"
"Running Make libs in psu_cortexa53_0/libsrc/rtcpsu_v1_6/src"
make -C psu_cortexa53_0/libsrc/rtcpsu_v1_6/src -s libs  "SHELL=CMD" "COMPILER=aarch64-none-elf-gcc" "ARCHIVER=aarch64-none-elf-ar" "COMPILER_FLAGS=  -O2 -c" "EXTRA_COMPILER_FLAGS=-g -Wall -Wextra"
"Compiling rtcpsu"
"Running Make libs in psu_cortexa53_0/libsrc/scugic_v3_10/src"
make -C psu_cortexa53_0/libsrc/scugic_v3_10/src -s libs  "SHELL=CMD" "COMPILER=aarch64-none-elf-gcc" "ARCHIVER=aarch64-none-elf-ar" "COMPILER_FLAGS=  -O2 -c" "EXTRA_COMPILER_FLAGS=-g -Wall -Wextra"
"Compiling scugic"
"Running Make libs in psu_cortexa53_0/libsrc/sdps_v3_6/src"
make -C psu_cortexa53_0/libsrc/sdps_v3_6/src -s libs  "SHELL=CMD" "COMPILER=aarch64-none-elf-gcc" "ARCHIVER=aarch64-none-elf-ar" "COMPILER_FLAGS=  -O2 -c" "EXTRA_COMPILER_FLAGS=-g -Wall -Wextra"
"Compiling sdps"
"Running Make libs in psu_cortexa53_0/libsrc/spips_v3_1/src"
make -C psu_cortexa53_0/libsrc/spips_v3_1/src -s libs  "SHELL=CMD" "COMPILER=aarch64-none-elf-gcc" "ARCHIVER=aarch64-none-elf-ar" "COMPILER_FLAGS=  -O2 -c" "EXTRA_COMPILER_FLAGS=-g -Wall -Wextra"
"Compiling spips"
"Running Make libs in psu_cortexa53_0/libsrc/standalone_v6_8/src"
make -C psu_cortexa53_0/libsrc/standalone_v6_8/src -s libs  "SHELL=CMD" "COMPILER=aarch64-none-elf-gcc" "ARCHIVER=aarch64-none-elf-ar" "COMPILER_FLAGS=  -O2 -c" "EXTRA_COMPILER_FLAGS=-g -Wall -Wextra"
"Compiling standalone A53"
In file included from xil_sleeptimer.c:51:0:
xtime_l.h:77:9: note: #pragma message: For the sleep routines, Global timer is being used
 #pragma message ("For the sleep routines, Global timer is being used")
         ^~~~~~~
In file included from xtime_l.c:52:0:
xtime_l.h:77:9: note: #pragma message: For the sleep routines, Global timer is being used
 #pragma message ("For the sleep routines, Global timer is being used")
         ^~~~~~~
In file included from sleep.c:59:0:
xtime_l.h:77:9: note: #pragma message: For the sleep routines, Global timer is being used
 #pragma message ("For the sleep routines, Global timer is being used")
         ^~~~~~~
translation_table.S:145:2: warning: #warning "There's no DDR_1 in the HW design. MMU translation table marks 32 GB DDR address space as undefined" [-Wcpp]
 #warning "There's no DDR_1 in the HW design. MMU translation table marks 32 GB DDR address space as undefined"
  ^~~~~~~
"Running Make libs in psu_cortexa53_0/libsrc/sysmonpsu_v2_5/src"
make -C psu_cortexa53_0/libsrc/sysmonpsu_v2_5/src -s libs  "SHELL=CMD" "COMPILER=aarch64-none-elf-gcc" "ARCHIVER=aarch64-none-elf-ar" "COMPILER_FLAGS=  -O2 -c" "EXTRA_COMPILER_FLAGS=-g -Wall -Wextra"
"Compiling sysmonpsu"
"Running Make libs in psu_cortexa53_0/libsrc/ttcps_v3_7/src"
make -C psu_cortexa53_0/libsrc/ttcps_v3_7/src -s libs  "SHELL=CMD" "COMPILER=aarch64-none-elf-gcc" "ARCHIVER=aarch64-none-elf-ar" "COMPILER_FLAGS=  -O2 -c" "EXTRA_COMPILER_FLAGS=-g -Wall -Wextra"
"Compiling ttcps"
"Running Make libs in psu_cortexa53_0/libsrc/uartps_v3_7/src"
make -C psu_cortexa53_0/libsrc/uartps_v3_7/src -s libs  "SHELL=CMD" "COMPILER=aarch64-none-elf-gcc" "ARCHIVER=aarch64-none-elf-ar" "COMPILER_FLAGS=  -O2 -c" "EXTRA_COMPILER_FLAGS=-g -Wall -Wextra"
"Compiling uartps"
"Running Make libs in psu_cortexa53_0/libsrc/usbpsu_v1_4/src"
make -C psu_cortexa53_0/libsrc/usbpsu_v1_4/src -s libs  "SHELL=CMD" "COMPILER=aarch64-none-elf-gcc" "ARCHIVER=aarch64-none-elf-ar" "COMPILER_FLAGS=  -O2 -c" "EXTRA_COMPILER_FLAGS=-g -Wall -Wextra"
"Compiling usbpsu"
"Running Make libs in psu_cortexa53_0/libsrc/video_common_v4_5/src"
make -C psu_cortexa53_0/libsrc/video_common_v4_5/src -s libs  "SHELL=CMD" "COMPILER=aarch64-none-elf-gcc" "ARCHIVER=aarch64-none-elf-ar" "COMPILER_FLAGS=  -O2 -c" "EXTRA_COMPILER_FLAGS=-g -Wall -Wextra"
"Compiling video_common"
"Running Make libs in psu_cortexa53_0/libsrc/vtc_v8_0/src"
make -C psu_cortexa53_0/libsrc/vtc_v8_0/src -s libs  "SHELL=CMD" "COMPILER=aarch64-none-elf-gcc" "ARCHIVER=aarch64-none-elf-ar" "COMPILER_FLAGS=  -O2 -c" "EXTRA_COMPILER_FLAGS=-g -Wall -Wextra"
"Compiling video timing controller"
"Running Make libs in psu_cortexa53_0/libsrc/v_tpg_v8_1/src"
make -C psu_cortexa53_0/libsrc/v_tpg_v8_1/src -s libs  "SHELL=CMD" "COMPILER=aarch64-none-elf-gcc" "ARCHIVER=aarch64-none-elf-ar" "COMPILER_FLAGS=  -O2 -c" "EXTRA_COMPILER_FLAGS=-g -Wall -Wextra"
"Compiling v_tpg"
"Running Make libs in psu_cortexa53_0/libsrc/wdtps_v3_1/src"
make -C psu_cortexa53_0/libsrc/wdtps_v3_1/src -s libs  "SHELL=CMD" "COMPILER=aarch64-none-elf-gcc" "ARCHIVER=aarch64-none-elf-ar" "COMPILER_FLAGS=  -O2 -c" "EXTRA_COMPILER_FLAGS=-g -Wall -Wextra"
"Compiling wdtps"
"Running Make libs in psu_cortexa53_0/libsrc/zdma_v1_6/src"
make -C psu_cortexa53_0/libsrc/zdma_v1_6/src -s libs  "SHELL=CMD" "COMPILER=aarch64-none-elf-gcc" "ARCHIVER=aarch64-none-elf-ar" "COMPILER_FLAGS=  -O2 -c" "EXTRA_COMPILER_FLAGS=-g -Wall -Wextra"
"Compiling zdma"
'Finished building libraries'
12:19:42 **** Build of configuration Debug for project dispport ****
make all 
Building file: ../src/helloworld.c
Invoking: ARM v8 gcc compiler
aarch64-none-elf-gcc -Wall -O0 -g3 -c -fmessage-length=0 -MT"src/helloworld.o" -I../../dispport_bsp/psu_cortexa53_0/include -MMD -MP -MF"src/helloworld.d" -MT"src/helloworld.o" -o "src/helloworld.o" "../src/helloworld.c"
Finished building: ../src/helloworld.c
 
Building file: ../src/platform.c
Invoking: ARM v8 gcc compiler
aarch64-none-elf-gcc -Wall -O0 -g3 -c -fmessage-length=0 -MT"src/platform.o" -I../../dispport_bsp/psu_cortexa53_0/include -MMD -MP -MF"src/platform.d" -MT"src/platform.o" -o "src/platform.o" "../src/platform.c"
Finished building: ../src/platform.c
 
Building target: dispport.elf
Invoking: ARM v8 gcc linker
aarch64-none-elf-gcc -Wl,-T -Wl,../src/lscript.ld -L../../dispport_bsp/psu_cortexa53_0/lib -o "dispport.elf"  ./src/helloworld.o ./src/platform.o   -Wl,--start-group,-lxil,-lgcc,-lc,--end-group
Finished building target: dispport.elf
 
Invoking: ARM v8 Print Size
aarch64-none-elf-size dispport.elf  |tee "dispport.elf.size"
   text	   data	    bss	    dec	    hex	filename
  30516	   2344	  20632	  53492	   d0f4	dispport.elf
Finished building: dispport.elf.size
 
12:20:23 **** Incremental Build of configuration Debug for project dispport ****
make all 
make: Nothing to be done for 'all'.
12:22:40 **** Incremental Build of configuration Debug for project dispport ****
make all 
make: Nothing to be done for 'all'.
12:30:06 **** Incremental Build of configuration Debug for project dispport ****
make all 
make: Nothing to be done for 'all'.
12:34:56 **** Auto Build of configuration Debug for project dispport ****
make all 
Building file: ../src/helloworld.c
Invoking: ARM v8 gcc compiler
aarch64-none-elf-gcc -Wall -O0 -g3 -c -fmessage-length=0 -MT"src/helloworld.o" -I../../dispport_bsp/psu_cortexa53_0/include -MMD -MP -MF"src/helloworld.d" -MT"src/helloworld.o" -o "src/helloworld.o" "../src/helloworld.c"
Finished building: ../src/helloworld.c
 
Building target: dispport.elf
Invoking: ARM v8 gcc linker
aarch64-none-elf-gcc -Wl,-T -Wl,../src/lscript.ld -L../../dispport_bsp/psu_cortexa53_0/lib -o "dispport.elf"  ./src/helloworld.o ./src/platform.o   -Wl,--start-group,-lxil,-lgcc,-lc,--end-group
Finished building target: dispport.elf
 
Invoking: ARM v8 Print Size
aarch64-none-elf-size dispport.elf  |tee "dispport.elf.size"
   text	   data	    bss	    dec	    hex	filename
  30516	   2344	  20760	  53620	   d174	dispport.elf
Finished building: dispport.elf.size
 
12:37:26 **** Auto Build of configuration Debug for project dispport ****
make all 
Building file: ../src/helloworld.c
Invoking: ARM v8 gcc compiler
aarch64-none-elf-gcc -Wall -O0 -g3 -c -fmessage-length=0 -MT"src/helloworld.o" -I../../dispport_bsp/psu_cortexa53_0/include -MMD -MP -MF"src/helloworld.d" -MT"src/helloworld.o" -o "src/helloworld.o" "../src/helloworld.c"
../src/helloworld.c:52:10: fatal error: vga_modes.h: No such file or directory
 #include "vga_modes.h"
          ^~~~~~~~~~~~~
compilation terminated.
make: *** [src/subdir.mk:26: src/helloworld.o] Error 1
12:38:27 **** Auto Build of configuration Debug for project dispport ****
make all 
Building file: ../src/helloworld.c
Invoking: ARM v8 gcc compiler
aarch64-none-elf-gcc -Wall -O0 -g3 -c -fmessage-length=0 -MT"src/helloworld.o" -I../../dispport_bsp/psu_cortexa53_0/include -MMD -MP -MF"src/helloworld.d" -MT"src/helloworld.o" -o "src/helloworld.o" "../src/helloworld.c"
../src/helloworld.c:52:10: fatal error: vga_modes.h: No such file or directory
 #include "vga_modes.h"
          ^~~~~~~~~~~~~
compilation terminated.
make: *** [src/subdir.mk:26: src/helloworld.o] Error 1
12:39:29 **** Auto Build of configuration Debug for project dispport ****
make all 
Building file: ../src/helloworld.c
Invoking: ARM v8 gcc compiler
aarch64-none-elf-gcc -Wall -O0 -g3 -c -fmessage-length=0 -MT"src/helloworld.o" -I../../dispport_bsp/psu_cortexa53_0/include -MMD -MP -MF"src/helloworld.d" -MT"src/helloworld.o" -o "src/helloworld.o" "../src/helloworld.c"
../src/helloworld.c:52:10: fatal error: vga_modes.h: No such file or directory
 #include "vga_modes.h"
          ^~~~~~~~~~~~~
compilation terminated.
make: *** [src/subdir.mk:26: src/helloworld.o] Error 1
12:42:27 **** Incremental Build of configuration Debug for project dispport ****
make all 
Building file: ../src/helloworld.c
Invoking: ARM v8 gcc compiler
aarch64-none-elf-gcc -Wall -O0 -g3 -c -fmessage-length=0 -MT"src/helloworld.o" -I../../dispport_bsp/psu_cortexa53_0/include -MMD -MP -MF"src/helloworld.d" -MT"src/helloworld.o" -o "src/helloworld.o" "../src/helloworld.c"
Finished building: ../src/helloworld.c
 
Building target: dispport.elf
Invoking: ARM v8 gcc linker
aarch64-none-elf-gcc -Wl,-T -Wl,../src/lscript.ld -L../../dispport_bsp/psu_cortexa53_0/lib -o "dispport.elf"  ./src/helloworld.o ./src/platform.o   -Wl,--start-group,-lxil,-lgcc,-lc,--end-group
Finished building target: dispport.elf
 
Invoking: ARM v8 Print Size
aarch64-none-elf-size dispport.elf  |tee "dispport.elf.size"
   text	   data	    bss	    dec	    hex	filename
  42396	   2368	  20760	  65524	   fff4	dispport.elf
Finished building: dispport.elf.size
 
12:49:32 **** Auto Build of configuration Debug for project dispport ****
make all 
Building file: ../src/helloworld.c
Invoking: ARM v8 gcc compiler
aarch64-none-elf-gcc -Wall -O0 -g3 -c -fmessage-length=0 -MT"src/helloworld.o" -I../../dispport_bsp/psu_cortexa53_0/include -MMD -MP -MF"src/helloworld.d" -MT"src/helloworld.o" -o "src/helloworld.o" "../src/helloworld.c"
Finished building: ../src/helloworld.c
 
Building target: dispport.elf
Invoking: ARM v8 gcc linker
aarch64-none-elf-gcc -Wl,-T -Wl,../src/lscript.ld -L../../dispport_bsp/psu_cortexa53_0/lib -o "dispport.elf"  ./src/helloworld.o ./src/platform.o   -Wl,--start-group,-lxil,-lgcc,-lc,--end-group
Finished building target: dispport.elf
 
Invoking: ARM v8 Print Size
aarch64-none-elf-size dispport.elf  |tee "dispport.elf.size"
   text	   data	    bss	    dec	    hex	filename
  42396	   2368	  20760	  65524	   fff4	dispport.elf
Finished building: dispport.elf.size
 
12:49:50 **** Auto Build of configuration Debug for project dispport ****
make all 
Building file: ../src/helloworld.c
Invoking: ARM v8 gcc compiler
aarch64-none-elf-gcc -Wall -O0 -g3 -c -fmessage-length=0 -MT"src/helloworld.o" -I../../dispport_bsp/psu_cortexa53_0/include -MMD -MP -MF"src/helloworld.d" -MT"src/helloworld.o" -o "src/helloworld.o" "../src/helloworld.c"
Finished building: ../src/helloworld.c
 
Building target: dispport.elf
Invoking: ARM v8 gcc linker
aarch64-none-elf-gcc -Wl,-T -Wl,../src/lscript.ld -L../../dispport_bsp/psu_cortexa53_0/lib -o "dispport.elf"  ./src/helloworld.o ./src/platform.o   -Wl,--start-group,-lxil,-lgcc,-lc,--end-group
Finished building target: dispport.elf
 
Invoking: ARM v8 Print Size
aarch64-none-elf-size dispport.elf  |tee "dispport.elf.size"
   text	   data	    bss	    dec	    hex	filename
  42396	   2368	  20824	  65588	  10034	dispport.elf
Finished building: dispport.elf.size
 
12:52:49 **** Auto Build of configuration Debug for project dispport ****
make all 
Building file: ../src/helloworld.c
Invoking: ARM v8 gcc compiler
aarch64-none-elf-gcc -Wall -O0 -g3 -c -fmessage-length=0 -MT"src/helloworld.o" -I../../dispport_bsp/psu_cortexa53_0/include -MMD -MP -MF"src/helloworld.d" -MT"src/helloworld.o" -o "src/helloworld.o" "../src/helloworld.c"
../src/helloworld.c: In function 'setup_tpg':
../src/helloworld.c:123:22: warning: unused variable 'status' [-Wunused-variable]
     u32 height,width,status;
                      ^~~~~~
../src/helloworld.c:123:16: warning: variable 'width' set but not used [-Wunused-but-set-variable]
     u32 height,width,status;
                ^~~~~
../src/helloworld.c:123:9: warning: variable 'height' set but not used [-Wunused-but-set-variable]
     u32 height,width,status;
         ^~~~~~
Finished building: ../src/helloworld.c
 
Building target: dispport.elf
Invoking: ARM v8 gcc linker
aarch64-none-elf-gcc -Wl,-T -Wl,../src/lscript.ld -L../../dispport_bsp/psu_cortexa53_0/lib -o "dispport.elf"  ./src/helloworld.o ./src/platform.o   -Wl,--start-group,-lxil,-lgcc,-lc,--end-group
Finished building target: dispport.elf
 
Invoking: ARM v8 Print Size
aarch64-none-elf-size dispport.elf  |tee "dispport.elf.size"
   text	   data	    bss	    dec	    hex	filename
  52092	   2416	  20872	  75380	  12674	dispport.elf
Finished building: dispport.elf.size
 
12:57:53 **** Auto Build of configuration Debug for project dispport ****
make all 
Building file: ../src/helloworld.c
Invoking: ARM v8 gcc compiler
aarch64-none-elf-gcc -Wall -O0 -g3 -c -fmessage-length=0 -MT"src/helloworld.o" -I../../dispport_bsp/psu_cortexa53_0/include -MMD -MP -MF"src/helloworld.d" -MT"src/helloworld.o" -o "src/helloworld.o" "../src/helloworld.c"
../src/helloworld.c: In function 'setup_tpg':
../src/helloworld.c:124:22: warning: unused variable 'status' [-Wunused-variable]
     u32 height,width,status;
                      ^~~~~~
../src/helloworld.c:124:16: warning: variable 'width' set but not used [-Wunused-but-set-variable]
     u32 height,width,status;
                ^~~~~
../src/helloworld.c:124:9: warning: variable 'height' set but not used [-Wunused-but-set-variable]
     u32 height,width,status;
         ^~~~~~
Finished building: ../src/helloworld.c
 
Building target: dispport.elf
Invoking: ARM v8 gcc linker
aarch64-none-elf-gcc -Wl,-T -Wl,../src/lscript.ld -L../../dispport_bsp/psu_cortexa53_0/lib -o "dispport.elf"  ./src/helloworld.o ./src/platform.o   -Wl,--start-group,-lxil,-lgcc,-lc,--end-group
Finished building target: dispport.elf
 
Invoking: ARM v8 Print Size
aarch64-none-elf-size dispport.elf  |tee "dispport.elf.size"
[...]
"Running Make include in psu_cortexa53_0/libsrc/scugic_v3_10/src"
make -C psu_cortexa53_0/libsrc/scugic_v3_10/src -s include  "SHELL=CMD" "COMPILER=aarch64-none-elf-gcc" "ARCHIVER=aarch64-none-elf-ar" "COMPILER_FLAGS=  -O2 -c" "EXTRA_COMPILER_FLAGS=-g -Wall -Wextra"
"Running Make include in psu_cortexa53_0/libsrc/sdps_v3_6/src"
make -C psu_cortexa53_0/libsrc/sdps_v3_6/src -s include  "SHELL=CMD" "COMPILER=aarch64-none-elf-gcc" "ARCHIVER=aarch64-none-elf-ar" "COMPILER_FLAGS=  -O2 -c" "EXTRA_COMPILER_FLAGS=-g -Wall -Wextra"
"Running Make include in psu_cortexa53_0/libsrc/spips_v3_1/src"
make -C psu_cortexa53_0/libsrc/spips_v3_1/src -s include  "SHELL=CMD" "COMPILER=aarch64-none-elf-gcc" "ARCHIVER=aarch64-none-elf-ar" "COMPILER_FLAGS=  -O2 -c" "EXTRA_COMPILER_FLAGS=-g -Wall -Wextra"
"Running Make include in psu_cortexa53_0/libsrc/standalone_v6_8/src"
make -C psu_cortexa53_0/libsrc/standalone_v6_8/src -s include  "SHELL=CMD" "COMPILER=aarch64-none-elf-gcc" "ARCHIVER=aarch64-none-elf-ar" "COMPILER_FLAGS=  -O2 -c" "EXTRA_COMPILER_FLAGS=-g -Wall -Wextra"
"Running Make include in psu_cortexa53_0/libsrc/sysmonpsu_v2_5/src"
make -C psu_cortexa53_0/libsrc/sysmonpsu_v2_5/src -s include  "SHELL=CMD" "COMPILER=aarch64-none-elf-gcc" "ARCHIVER=aarch64-none-elf-ar" "COMPILER_FLAGS=  -O2 -c" "EXTRA_COMPILER_FLAGS=-g -Wall -Wextra"
"Running Make include in psu_cortexa53_0/libsrc/ttcps_v3_7/src"
make -C psu_cortexa53_0/libsrc/ttcps_v3_7/src -s include  "SHELL=CMD" "COMPILER=aarch64-none-elf-gcc" "ARCHIVER=aarch64-none-elf-ar" "COMPILER_FLAGS=  -O2 -c" "EXTRA_COMPILER_FLAGS=-g -Wall -Wextra"
"Running Make include in psu_cortexa53_0/libsrc/uartps_v3_7/src"
make -C psu_cortexa53_0/libsrc/uartps_v3_7/src -s include  "SHELL=CMD" "COMPILER=aarch64-none-elf-gcc" "ARCHIVER=aarch64-none-elf-ar" "COMPILER_FLAGS=  -O2 -c" "EXTRA_COMPILER_FLAGS=-g -Wall -Wextra"
"Running Make include in psu_cortexa53_0/libsrc/usbpsu_v1_4/src"
make -C psu_cortexa53_0/libsrc/usbpsu_v1_4/src -s include  "SHELL=CMD" "COMPILER=aarch64-none-elf-gcc" "ARCHIVER=aarch64-none-elf-ar" "COMPILER_FLAGS=  -O2 -c" "EXTRA_COMPILER_FLAGS=-g -Wall -Wextra"
"Running Make include in psu_cortexa53_0/libsrc/video_common_v4_5/src"
make -C psu_cortexa53_0/libsrc/video_common_v4_5/src -s include  "SHELL=CMD" "COMPILER=aarch64-none-elf-gcc" "ARCHIVER=aarch64-none-elf-ar" "COMPILER_FLAGS=  -O2 -c" "EXTRA_COMPILER_FLAGS=-g -Wall -Wextra"
"Running Make include in psu_cortexa53_0/libsrc/vtc_v8_0/src"
make -C psu_cortexa53_0/libsrc/vtc_v8_0/src -s include  "SHELL=CMD" "COMPILER=aarch64-none-elf-gcc" "ARCHIVER=aarch64-none-elf-ar" "COMPILER_FLAGS=  -O2 -c" "EXTRA_COMPILER_FLAGS=-g -Wall -Wextra"
"Running Make include in psu_cortexa53_0/libsrc/v_tpg_v8_1/src"
make -C psu_cortexa53_0/libsrc/v_tpg_v8_1/src -s include  "SHELL=CMD" "COMPILER=aarch64-none-elf-gcc" "ARCHIVER=aarch64-none-elf-ar" "COMPILER_FLAGS=  -O2 -c" "EXTRA_COMPILER_FLAGS=-g -Wall -Wextra"
"Running Make include in psu_cortexa53_0/libsrc/wdtps_v3_1/src"
make -C psu_cortexa53_0/libsrc/wdtps_v3_1/src -s include  "SHELL=CMD" "COMPILER=aarch64-none-elf-gcc" "ARCHIVER=aarch64-none-elf-ar" "COMPILER_FLAGS=  -O2 -c" "EXTRA_COMPILER_FLAGS=-g -Wall -Wextra"
"Running Make include in psu_cortexa53_0/libsrc/zdma_v1_6/src"
make -C psu_cortexa53_0/libsrc/zdma_v1_6/src -s include  "SHELL=CMD" "COMPILER=aarch64-none-elf-gcc" "ARCHIVER=aarch64-none-elf-ar" "COMPILER_FLAGS=  -O2 -c" "EXTRA_COMPILER_FLAGS=-g -Wall -Wextra"
"Running Make libs in psu_cortexa53_0/libsrc/avbuf_v2_2/src"
make -C psu_cortexa53_0/libsrc/avbuf_v2_2/src -s libs  "SHELL=CMD" "COMPILER=aarch64-none-elf-gcc" "ARCHIVER=aarch64-none-elf-ar" "COMPILER_FLAGS=  -O2 -c" "EXTRA_COMPILER_FLAGS=-g -Wall -Wextra"
"Compiling avbuf"
aarch64-none-elf-ar: creating ../../../lib/libxil.a
"Running Make libs in psu_cortexa53_0/libsrc/axipmon_v6_7/src"
make -C psu_cortexa53_0/libsrc/axipmon_v6_7/src -s libs  "SHELL=CMD" "COMPILER=aarch64-none-elf-gcc" "ARCHIVER=aarch64-none-elf-ar" "COMPILER_FLAGS=  -O2 -c" "EXTRA_COMPILER_FLAGS=-g -Wall -Wextra"
"Compiling axipmon"
"Running Make libs in psu_cortexa53_0/libsrc/clockps_v1_0/src"
make -C psu_cortexa53_0/libsrc/clockps_v1_0/src -s libs  "SHELL=CMD" "COMPILER=aarch64-none-elf-gcc" "ARCHIVER=aarch64-none-elf-ar" "COMPILER_FLAGS=  -O2 -c" "EXTRA_COMPILER_FLAGS=-g -Wall -Wextra"
"Compiling clockps"
"Running Make libs in psu_cortexa53_0/libsrc/coresightps_dcc_v1_4/src"
make -C psu_cortexa53_0/libsrc/coresightps_dcc_v1_4/src -s libs  "SHELL=CMD" "COMPILER=aarch64-none-elf-gcc" "ARCHIVER=aarch64-none-elf-ar" "COMPILER_FLAGS=  -O2 -c" "EXTRA_COMPILER_FLAGS=-g -Wall -Wextra"
"Compiling coresightps_dcc"
"Running Make libs in psu_cortexa53_0/libsrc/cpu_cortexa53_v1_5/src"
make -C psu_cortexa53_0/libsrc/cpu_cortexa53_v1_5/src -s libs  "SHELL=CMD" "COMPILER=aarch64-none-elf-gcc" "ARCHIVER=aarch64-none-elf-ar" "COMPILER_FLAGS=  -O2 -c" "EXTRA_COMPILER_FLAGS=-g -Wall -Wextra"
"Compiling cpu_cortexa53"
"Running Make libs in psu_cortexa53_0/libsrc/csudma_v1_3/src"
make -C psu_cortexa53_0/libsrc/csudma_v1_3/src -s libs  "SHELL=CMD" "COMPILER=aarch64-none-elf-gcc" "ARCHIVER=aarch64-none-elf-ar" "COMPILER_FLAGS=  -O2 -c" "EXTRA_COMPILER_FLAGS=-g -Wall -Wextra"
"Compiling csudma"
"Running Make libs in psu_cortexa53_0/libsrc/ddrcpsu_v1_1/src"
make -C psu_cortexa53_0/libsrc/ddrcpsu_v1_1/src -s libs  "SHELL=CMD" "COMPILER=aarch64-none-elf-gcc" "ARCHIVER=aarch64-none-elf-ar" "COMPILER_FLAGS=  -O2 -c" "EXTRA_COMPILER_FLAGS=-g -Wall -Wextra"
"Compiling ddrcpsu"
"Running Make libs in psu_cortexa53_0/libsrc/dpdma_v1_1/src"
make -C psu_cortexa53_0/libsrc/dpdma_v1_1/src -s libs  "SHELL=CMD" "COMPILER=aarch64-none-elf-gcc" "ARCHIVER=aarch64-none-elf-ar" "COMPILER_FLAGS=  -O2 -c" "EXTRA_COMPILER_FLAGS=-g -Wall -Wextra"
"Compiling dpdma"
"Running Make libs in psu_cortexa53_0/libsrc/dppsu_v1_1/src"
make -C psu_cortexa53_0/libsrc/dppsu_v1_1/src -s libs  "SHELL=CMD" "COMPILER=aarch64-none-elf-gcc" "ARCHIVER=aarch64-none-elf-ar" "COMPILER_FLAGS=  -O2 -c" "EXTRA_COMPILER_FLAGS=-g -Wall -Wextra"
"Compiling dppsu"
xdppsu.c: In function 'XDpPsu_CheckClockRecovery':
xdppsu.c:489:6: warning: this statement may fall through [-Wimplicit-fallthrough=]
   if (!(LaneStatus[0] &
      ^
xdppsu.c:494:2: note: here
  case XDPPSU_LANE_COUNT_SET_1:
  ^~~~
xdppsu.c:495:6: warning: this statement may fall through [-Wimplicit-fallthrough=]
   if (!(LaneStatus[0] &
      ^
xdppsu.c:499:2: note: here
  default:
  ^~~~~~~
xdppsu.c: In function 'XDpPsu_CheckChannelEqualization':
xdppsu.c:533:6: warning: this statement may fall through [-Wimplicit-fallthrough=]
   if (!(LaneStatus[0] &
      ^
xdppsu.c:538:2: note: here
  case XDPPSU_LANE_COUNT_SET_1:
  ^~~~
xdppsu.c:551:6: warning: this statement may fall through [-Wimplicit-fallthrough=]
   if (!(LaneStatus[0] &
      ^
xdppsu.c:556:2: note: here
  case XDPPSU_LANE_COUNT_SET_1:
  ^~~~
"Running Make libs in psu_cortexa53_0/libsrc/gpiops_v3_4/src"
make -C psu_cortexa53_0/libsrc/gpiops_v3_4/src -s libs  "SHELL=CMD" "COMPILER=aarch64-none-elf-gcc" "ARCHIVER=aarch64-none-elf-ar" "COMPILER_FLAGS=  -O2 -c" "EXTRA_COMPILER_FLAGS=-g -Wall -Wextra"
"Compiling gpiops"
"Running Make libs in psu_cortexa53_0/libsrc/iicps_v3_8/src"
make -C psu_cortexa53_0/libsrc/iicps_v3_8/src -s libs  "SHELL=CMD" "COMPILER=aarch64-none-elf-gcc" "ARCHIVER=aarch64-none-elf-ar" "COMPILER_FLAGS=  -O2 -c" "EXTRA_COMPILER_FLAGS=-g -Wall -Wextra"
"Compiling iicps"
"Running Make libs in psu_cortexa53_0/libsrc/ipipsu_v2_4/src"
make -C psu_cortexa53_0/libsrc/ipipsu_v2_4/src -s libs  "SHELL=CMD" "COMPILER=aarch64-none-elf-gcc" "ARCHIVER=aarch64-none-elf-ar" "COMPILER_FLAGS=  -O2 -c" "EXTRA_COMPILER_FLAGS=-g -Wall -Wextra"
"Compiling ipipsu"
"Running Make libs in psu_cortexa53_0/libsrc/resetps_v1_2/src"
make -C psu_cortexa53_0/libsrc/resetps_v1_2/src -s libs  "SHELL=CMD" "COMPILER=aarch64-none-elf-gcc" "ARCHIVER=aarch64-none-elf-ar" "COMPILER_FLAGS=  -O2 -c" "EXTRA_COMPILER_FLAGS=-g -Wall -Wextra"
"Compiling resetps"
"Running Make libs in psu_cortexa53_0/libsrc/rtcpsu_v1_6/src"
make -C psu_cortexa53_0/libsrc/rtcpsu_v1_6/src -s libs  "SHELL=CMD" "COMPILER=aarch64-none-elf-gcc" "ARCHIVER=aarch64-none-elf-ar" "COMPILER_FLAGS=  -O2 -c" "EXTRA_COMPILER_FLAGS=-g -Wall -Wextra"
"Compiling rtcpsu"
"Running Make libs in psu_cortexa53_0/libsrc/scugic_v3_10/src"
make -C psu_cortexa53_0/libsrc/scugic_v3_10/src -s libs  "SHELL=CMD" "COMPILER=aarch64-none-elf-gcc" "ARCHIVER=aarch64-none-elf-ar" "COMPILER_FLAGS=  -O2 -c" "EXTRA_COMPILER_FLAGS=-g -Wall -Wextra"
"Compiling scugic"
"Running Make libs in psu_cortexa53_0/libsrc/sdps_v3_6/src"
make -C psu_cortexa53_0/libsrc/sdps_v3_6/src -s libs  "SHELL=CMD" "COMPILER=aarch64-none-elf-gcc" "ARCHIVER=aarch64-none-elf-ar" "COMPILER_FLAGS=  -O2 -c" "EXTRA_COMPILER_FLAGS=-g -Wall -Wextra"
"Compiling sdps"
"Running Make libs in psu_cortexa53_0/libsrc/spips_v3_1/src"
make -C psu_cortexa53_0/libsrc/spips_v3_1/src -s libs  "SHELL=CMD" "COMPILER=aarch64-none-elf-gcc" "ARCHIVER=aarch64-none-elf-ar" "COMPILER_FLAGS=  -O2 -c" "EXTRA_COMPILER_FLAGS=-g -Wall -Wextra"
"Compiling spips"
"Running Make libs in psu_cortexa53_0/libsrc/standalone_v6_8/src"
make -C psu_cortexa53_0/libsrc/standalone_v6_8/src -s libs  "SHELL=CMD" "COMPILER=aarch64-none-elf-gcc" "ARCHIVER=aarch64-none-elf-ar" "COMPILER_FLAGS=  -O2 -c" "EXTRA_COMPILER_FLAGS=-g -Wall -Wextra"
"Compiling standalone A53"
In file included from xil_sleeptimer.c:51:0:
xtime_l.h:77:9: note: #pragma message: For the sleep routines, Global timer is being used
 #pragma message ("For the sleep routines, Global timer is being used")
         ^~~~~~~
In file included from xtime_l.c:52:0:
xtime_l.h:77:9: note: #pragma message: For the sleep routines, Global timer is being used
 #pragma message ("For the sleep routines, Global timer is being used")
         ^~~~~~~
In file included from sleep.c:59:0:
xtime_l.h:77:9: note: #pragma message: For the sleep routines, Global timer is being used
 #pragma message ("For the sleep routines, Global timer is being used")
         ^~~~~~~
translation_table.S:145:2: warning: #warning "There's no DDR_1 in the HW design. MMU translation table marks 32 GB DDR address space as undefined" [-Wcpp]
 #warning "There's no DDR_1 in the HW design. MMU translation table marks 32 GB DDR address space as undefined"
  ^~~~~~~
"Running Make libs in psu_cortexa53_0/libsrc/sysmonpsu_v2_5/src"
make -C psu_cortexa53_0/libsrc/sysmonpsu_v2_5/src -s libs  "SHELL=CMD" "COMPILER=aarch64-none-elf-gcc" "ARCHIVER=aarch64-none-elf-ar" "COMPILER_FLAGS=  -O2 -c" "EXTRA_COMPILER_FLAGS=-g -Wall -Wextra"
"Compiling sysmonpsu"
"Running Make libs in psu_cortexa53_0/libsrc/ttcps_v3_7/src"
make -C psu_cortexa53_0/libsrc/ttcps_v3_7/src -s libs  "SHELL=CMD" "COMPILER=aarch64-none-elf-gcc" "ARCHIVER=aarch64-none-elf-ar" "COMPILER_FLAGS=  -O2 -c" "EXTRA_COMPILER_FLAGS=-g -Wall -Wextra"
"Compiling ttcps"
"Running Make libs in psu_cortexa53_0/libsrc/uartps_v3_7/src"
make -C psu_cortexa53_0/libsrc/uartps_v3_7/src -s libs  "SHELL=CMD" "COMPILER=aarch64-none-elf-gcc" "ARCHIVER=aarch64-none-elf-ar" "COMPILER_FLAGS=  -O2 -c" "EXTRA_COMPILER_FLAGS=-g -Wall -Wextra"
"Compiling uartps"
"Running Make libs in psu_cortexa53_0/libsrc/usbpsu_v1_4/src"
make -C psu_cortexa53_0/libsrc/usbpsu_v1_4/src -s libs  "SHELL=CMD" "COMPILER=aarch64-none-elf-gcc" "ARCHIVER=aarch64-none-elf-ar" "COMPILER_FLAGS=  -O2 -c" "EXTRA_COMPILER_FLAGS=-g -Wall -Wextra"
"Compiling usbpsu"
"Running Make libs in psu_cortexa53_0/libsrc/video_common_v4_5/src"
make -C psu_cortexa53_0/libsrc/video_common_v4_5/src -s libs  "SHELL=CMD" "COMPILER=aarch64-none-elf-gcc" "ARCHIVER=aarch64-none-elf-ar" "COMPILER_FLAGS=  -O2 -c" "EXTRA_COMPILER_FLAGS=-g -Wall -Wextra"
"Compiling video_common"
"Running Make libs in psu_cortexa53_0/libsrc/vtc_v8_0/src"
make -C psu_cortexa53_0/libsrc/vtc_v8_0/src -s libs  "SHELL=CMD" "COMPILER=aarch64-none-elf-gcc" "ARCHIVER=aarch64-none-elf-ar" "COMPILER_FLAGS=  -O2 -c" "EXTRA_COMPILER_FLAGS=-g -Wall -Wextra"
"Compiling video timing controller"
"Running Make libs in psu_cortexa53_0/libsrc/v_tpg_v8_1/src"
make -C psu_cortexa53_0/libsrc/v_tpg_v8_1/src -s libs  "SHELL=CMD" "COMPILER=aarch64-none-elf-gcc" "ARCHIVER=aarch64-none-elf-ar" "COMPILER_FLAGS=  -O2 -c" "EXTRA_COMPILER_FLAGS=-g -Wall -Wextra"
"Compiling v_tpg"
"Running Make libs in psu_cortexa53_0/libsrc/wdtps_v3_1/src"
make -C psu_cortexa53_0/libsrc/wdtps_v3_1/src -s libs  "SHELL=CMD" "COMPILER=aarch64-none-elf-gcc" "ARCHIVER=aarch64-none-elf-ar" "COMPILER_FLAGS=  -O2 -c" "EXTRA_COMPILER_FLAGS=-g -Wall -Wextra"
"Compiling wdtps"
"Running Make libs in psu_cortexa53_0/libsrc/zdma_v1_6/src"
make -C psu_cortexa53_0/libsrc/zdma_v1_6/src -s libs  "SHELL=CMD" "COMPILER=aarch64-none-elf-gcc" "ARCHIVER=aarch64-none-elf-ar" "COMPILER_FLAGS=  -O2 -c" "EXTRA_COMPILER_FLAGS=-g -Wall -Wextra"
"Compiling zdma"
'Finished building libraries'
16:55:03 **** Build of configuration Debug for project dispport ****
make all 
Building file: ../src/helloworld.c
Invoking: ARM v8 gcc compiler
aarch64-none-elf-gcc -Wall -O0 -g3 -c -fmessage-length=0 -MT"src/helloworld.o" -I../../dispport_bsp/psu_cortexa53_0/include -MMD -MP -MF"src/helloworld.d" -MT"src/helloworld.o" -o "src/helloworld.o" "../src/helloworld.c"
../src/helloworld.c: In function 'main':
../src/helloworld.c:181:3: warning: implicit declaration of function 'setup_tpg' [-Wimplicit-function-declaration]
   setup_tpg();
   ^~~~~~~~~
../src/helloworld.c: At top level:
../src/helloworld.c:192:6: warning: conflicting types for 'setup_tpg'
 void setup_tpg()
      ^~~~~~~~~
../src/helloworld.c:181:3: note: previous implicit declaration of 'setup_tpg' was here
   setup_tpg();
   ^~~~~~~~~
../src/helloworld.c: In function 'setup_tpg':
../src/helloworld.c:195:22: warning: unused variable 'status' [-Wunused-variable]
     u32 height,width,status;
                      ^~~~~~
../src/helloworld.c:195:16: warning: variable 'width' set but not used [-Wunused-but-set-variable]
     u32 height,width,status;
                ^~~~~
../src/helloworld.c:195:9: warning: variable 'height' set but not used [-Wunused-but-set-variable]
     u32 height,width,status;
         ^~~~~~
Finished building: ../src/helloworld.c
 
Building file: ../src/platform.c
Invoking: ARM v8 gcc compiler
aarch64-none-elf-gcc -Wall -O0 -g3 -c -fmessage-length=0 -MT"src/platform.o" -I../../dispport_bsp/psu_cortexa53_0/include -MMD -MP -MF"src/platform.d" -MT"src/platform.o" -o "src/platform.o" "../src/platform.c"
Finished building: ../src/platform.c
 
Building file: ../src/xdpdma_video_example.c
Invoking: ARM v8 gcc compiler
aarch64-none-elf-gcc -Wall -O0 -g3 -c -fmessage-length=0 -MT"src/xdpdma_video_example.o" -I../../dispport_bsp/psu_cortexa53_0/include -MMD -MP -MF"src/xdpdma_video_example.d" -MT"src/xdpdma_video_example.o" -o "src/xdpdma_video_example.o" "../src/xdpdma_video_example.c"
../src/xdpdma_video_example.c: In function 'InitDpDmaSubsystem':
../src/xdpdma_video_example.c:234:33: warning: passing argument 1 of 'XAVBuf_SetInputLiveVideoFormat' from incompatible pointer type [-Wincompatible-pointer-types]
  XAVBuf_SetInputLiveVideoFormat(&AVBufPtr, RGB_8BPC);
                                 ^
In file included from ../../dispport_bsp/psu_cortexa53_0/include/xdpdma.h:64:0,
                 from ../src/xdpdma_video_example.h:58,
                 from ../src/xdpdma_video_example.c:57:
../../dispport_bsp/psu_cortexa53_0/include/xavbuf.h:262:5: note: expected 'XAVBuf * {aka struct <anonymous> *}' but argument is of type 'XAVBuf ** {aka struct <anonymous> **}'
 int XAVBuf_SetInputLiveVideoFormat(XAVBuf *InstancePtr,
     ^~~~~~~~~~~~~~~~~~~~~~~~~~~~~~
../src/xdpdma_video_example.c:235:28: warning: passing argument 1 of 'XAVBuf_EnableVideoBuffers' from incompatible pointer type [-Wincompatible-pointer-types]
  XAVBuf_EnableVideoBuffers(&AVBufPtr, 1);
                            ^
In file included from ../../dispport_bsp/psu_cortexa53_0/include/xdpdma.h:64:0,
                 from ../src/xdpdma_video_example.h:58,
                 from ../src/xdpdma_video_example.c:57:
../../dispport_bsp/psu_cortexa53_0/include/xavbuf.h:294:6: note: expected 'XAVBuf * {aka struct <anonymous> *}' but argument is of type 'XAVBuf ** {aka struct <anonymous> **}'
 void XAVBuf_EnableVideoBuffers(XAVBuf *InstancePtr, u8 Enable);
      ^~~~~~~~~~~~~~~~~~~~~~~~~
Finished building: ../src/xdpdma_video_example.c
 
Building file: ../src/xdppsu_interrupt.c
Invoking: ARM v8 gcc compiler
aarch64-none-elf-gcc -Wall -O0 -g3 -c -fmessage-length=0 -MT"src/xdppsu_interrupt.o" -I../../dispport_bsp/psu_cortexa53_0/include -MMD -MP -MF"src/xdppsu_interrupt.d" -MT"src/xdppsu_interrupt.o" -o "src/xdppsu_interrupt.o" "../src/xdppsu_interrupt.c"
Finished building: ../src/xdppsu_interrupt.c
 
Building target: dispport.elf
Invoking: ARM v8 gcc linker
aarch64-none-elf-gcc -Wl,-T -Wl,../src/lscript.ld -L../../dispport_bsp/psu_cortexa53_0/lib -o "dispport.elf"  ./src/helloworld.o ./src/platform.o ./src/xdpdma_video_example.o ./src/xdppsu_interrupt.o   -Wl,--start-group,-lxil,-lgcc,-lc,--end-group
Finished building target: dispport.elf
 
Invoking: ARM v8 Print Size
aarch64-none-elf-size dispport.elf  |tee "dispport.elf.size"
   text	   data	    bss	    dec	    hex	filename
 104804	   5576	3715248	3825628	 3a5fdc	dispport.elf
Finished building: dispport.elf.size
 
16:59:44 **** Incremental Build of configuration Debug for project dispport ****
make all 
make: Nothing to be done for 'all'.
21:10:01 **** Auto Build of configuration Debug for project dispport ****
make all 
Building file: ../src/xdpdma_video_example.c
Invoking: ARM v8 gcc compiler
aarch64-none-elf-gcc -Wall -O0 -g3 -c -fmessage-length=0 -MT"src/xdpdma_video_example.o" -I../../dispport_bsp/psu_cortexa53_0/include -MMD -MP -MF"src/xdpdma_video_example.d" -MT"src/xdpdma_video_example.o" -o "src/xdpdma_video_example.o" "../src/xdpdma_video_example.c"
../src/xdpdma_video_example.c: In function 'InitDpDmaSubsystem':
../src/xdpdma_video_example.c:234:33: warning: passing argument 1 of 'XAVBuf_SetInputLiveVideoFormat' from incompatible pointer type [-Wincompatible-pointer-types]
  XAVBuf_SetInputLiveVideoFormat(&AVBufPtr, RGB_8BPC);
                                 ^
In file included from ../../dispport_bsp/psu_cortexa53_0/include/xdpdma.h:64:0,
                 from ../src/xdpdma_video_example.h:58,
                 from ../src/xdpdma_video_example.c:57:
../../dispport_bsp/psu_cortexa53_0/include/xavbuf.h:262:5: note: expected 'XAVBuf * {aka struct <anonymous> *}' but argument is of type 'XAVBuf ** {aka struct <anonymous> **}'
 int XAVBuf_SetInputLiveVideoFormat(XAVBuf *InstancePtr,
     ^~~~~~~~~~~~~~~~~~~~~~~~~~~~~~
../src/xdpdma_video_example.c:235:28: warning: passing argument 1 of 'XAVBuf_EnableVideoBuffers' from incompatible pointer type [-Wincompatible-pointer-types]
  XAVBuf_EnableVideoBuffers(&AVBufPtr, 1);
                            ^
In file included from ../../dispport_bsp/psu_cortexa53_0/include/xdpdma.h:64:0,
                 from ../src/xdpdma_video_example.h:58,
                 from ../src/xdpdma_video_example.c:57:
../../dispport_bsp/psu_cortexa53_0/include/xavbuf.h:294:6: note: expected 'XAVBuf * {aka struct <anonymous> *}' but argument is of type 'XAVBuf ** {aka struct <anonymous> **}'
 void XAVBuf_EnableVideoBuffers(XAVBuf *InstancePtr, u8 Enable);
      ^~~~~~~~~~~~~~~~~~~~~~~~~
Finished building: ../src/xdpdma_video_example.c
 
Building target: dispport.elf
Invoking: ARM v8 gcc linker
aarch64-none-elf-gcc -Wl,-T -Wl,../src/lscript.ld -L../../dispport_bsp/psu_cortexa53_0/lib -o "dispport.elf"  ./src/helloworld.o ./src/platform.o ./src/xdpdma_video_example.o ./src/xdppsu_interrupt.o   -Wl,--start-group,-lxil,-lgcc,-lc,--end-group
Finished building target: dispport.elf
 
Invoking: ARM v8 Print Size
aarch64-none-elf-size dispport.elf  |tee "dispport.elf.size"
   text	   data	    bss	    dec	    hex	filename
 104804	   5576	3715248	3825628	 3a5fdc	dispport.elf
Finished building: dispport.elf.size
 
